Archive member included because of file (symbol)

../src/QTouch\libavr5g1-4qt-k-0rs.a(burst_1_1_10_0_1.o)
                              touch.o (burst_1_1_10_0_1)
../src/QTouch\libavr5g1-4qt-k-0rs.a(touch_api.o)
                              touch.o (qt_init_sensing_with_burst)
../src/QTouch\libavr5g1-4qt-k-0rs.a(touch_process.o)
                              ../src/QTouch\libavr5g1-4qt-k-0rs.a(touch_api.o) (sensors)
../src/QTouch\libavr5g1-4qt-k-0rs.a(touch_burst_qt.o)
                              ../src/QTouch\libavr5g1-4qt-k-0rs.a(touch_api.o) (burst_init)
c:/program files (x86)/atmel/atmel toolchain/avr8 gcc/native/3.4.2.1002/avr8-gnu-toolchain/bin/../lib/gcc/avr/4.7.2/avr5\libgcc.a(_udivmodhi4.o)
                              indication.o (__udivmodhi4)
c:/program files (x86)/atmel/atmel toolchain/avr8 gcc/native/3.4.2.1002/avr8-gnu-toolchain/bin/../lib/gcc/avr/4.7.2/avr5\libgcc.a(_exit.o)
                              c:/program files (x86)/atmel/atmel toolchain/avr8 gcc/native/3.4.2.1002/avr8-gnu-toolchain/bin/../lib/gcc/avr/4.7.2/../../../../avr/lib/avr5/crtm324pa.o (exit)
c:/program files (x86)/atmel/atmel toolchain/avr8 gcc/native/3.4.2.1002/avr8-gnu-toolchain/bin/../lib/gcc/avr/4.7.2/avr5\libgcc.a(_copy_data.o)
                              ds3231.o (__do_copy_data)
c:/program files (x86)/atmel/atmel toolchain/avr8 gcc/native/3.4.2.1002/avr8-gnu-toolchain/bin/../lib/gcc/avr/4.7.2/avr5\libgcc.a(_clear_bss.o)
                              alarm.o (__do_clear_bss)
c:/program files (x86)/atmel/atmel toolchain/avr8 gcc/native/3.4.2.1002/avr8-gnu-toolchain/bin/../lib/gcc/avr/4.7.2/avr5\libgcc.a(_prologue.o)
                              ../src/QTouch\libavr5g1-4qt-k-0rs.a(burst_1_1_10_0_1.o) (__prologue_saves__)
c:/program files (x86)/atmel/atmel toolchain/avr8 gcc/native/3.4.2.1002/avr8-gnu-toolchain/bin/../lib/gcc/avr/4.7.2/avr5\libgcc.a(_epilogue.o)
                              ../src/QTouch\libavr5g1-4qt-k-0rs.a(burst_1_1_10_0_1.o) (__epilogue_restores__)

Allocating common symbols
Common symbol       size              file

Mode                0x1               buttons.o
Alarms              0x14              alarm.o

Discarded input sections

 .bss           0x00000000        0x0 c:/program files (x86)/atmel/atmel toolchain/avr8 gcc/native/3.4.2.1002/avr8-gnu-toolchain/bin/../lib/gcc/avr/4.7.2/../../../../avr/lib/avr5/crtm324pa.o
 .text          0x00000000        0x0 alarm.o
 .bss           0x00000000        0x0 alarm.o
 .text          0x00000000        0x0 buttons.o
 .bss           0x00000000        0x0 buttons.o
 .text          0x00000000        0x0 comparator.o
 .bss           0x00000000        0x0 comparator.o
 .text          0x00000000        0x0 ds3231.o
 .bss           0x00000000        0x0 ds3231.o
 .text          0x00000000        0x0 eeprom.o
 .bss           0x00000000        0x0 eeprom.o
 .text          0x00000000        0x0 indication.o
 .bss           0x00000000        0x0 indication.o
 .text          0x00000000        0x0 ir.o
 .bss           0x00000000        0x0 ir.o
 .text          0x00000000        0x0 main.o
 .bss           0x00000000        0x0 main.o
 .text          0x00000000        0x0 sensors_handler.o
 .bss           0x00000000        0x0 sensors_handler.o
 .text          0x00000000        0x0 src/QTouch/init_mcu_atmega324.o
 .bss           0x00000000        0x0 src/QTouch/init_mcu_atmega324.o
 .bss           0x00000000        0x0 src/QTouch/qt_asm_tiny_mega.o
 .text          0x00000000        0x0 touch.o
 .bss           0x00000000        0x0 touch.o
 .data.pqt_measure_data
                0x00000000        0x2 touch.o
 .progmem.data  0x00000000        0x6 ../src/QTouch\libavr5g1-4qt-k-0rs.a(touch_api.o)
 .text          0x00000000        0x0 c:/program files (x86)/atmel/atmel toolchain/avr8 gcc/native/3.4.2.1002/avr8-gnu-toolchain/bin/../lib/gcc/avr/4.7.2/avr5\libgcc.a(_udivmodhi4.o)
 .bss           0x00000000        0x0 c:/program files (x86)/atmel/atmel toolchain/avr8 gcc/native/3.4.2.1002/avr8-gnu-toolchain/bin/../lib/gcc/avr/4.7.2/avr5\libgcc.a(_udivmodhi4.o)
 .text.libgcc.mul
                0x00000000        0x0 c:/program files (x86)/atmel/atmel toolchain/avr8 gcc/native/3.4.2.1002/avr8-gnu-toolchain/bin/../lib/gcc/avr/4.7.2/avr5\libgcc.a(_udivmodhi4.o)
 .text.libgcc   0x00000000        0x0 c:/program files (x86)/atmel/atmel toolchain/avr8 gcc/native/3.4.2.1002/avr8-gnu-toolchain/bin/../lib/gcc/avr/4.7.2/avr5\libgcc.a(_udivmodhi4.o)
 .text.libgcc.prologue
                0x00000000        0x0 c:/program files (x86)/atmel/atmel toolchain/avr8 gcc/native/3.4.2.1002/avr8-gnu-toolchain/bin/../lib/gcc/avr/4.7.2/avr5\libgcc.a(_udivmodhi4.o)
 .text.libgcc.builtins
                0x00000000        0x0 c:/program files (x86)/atmel/atmel toolchain/avr8 gcc/native/3.4.2.1002/avr8-gnu-toolchain/bin/../lib/gcc/avr/4.7.2/avr5\libgcc.a(_udivmodhi4.o)
 .text.libgcc.fmul
                0x00000000        0x0 c:/program files (x86)/atmel/atmel toolchain/avr8 gcc/native/3.4.2.1002/avr8-gnu-toolchain/bin/../lib/gcc/avr/4.7.2/avr5\libgcc.a(_udivmodhi4.o)
 .text          0x00000000        0x0 c:/program files (x86)/atmel/atmel toolchain/avr8 gcc/native/3.4.2.1002/avr8-gnu-toolchain/bin/../lib/gcc/avr/4.7.2/avr5\libgcc.a(_exit.o)
 .bss           0x00000000        0x0 c:/program files (x86)/atmel/atmel toolchain/avr8 gcc/native/3.4.2.1002/avr8-gnu-toolchain/bin/../lib/gcc/avr/4.7.2/avr5\libgcc.a(_exit.o)
 .text.libgcc.mul
                0x00000000        0x0 c:/program files (x86)/atmel/atmel toolchain/avr8 gcc/native/3.4.2.1002/avr8-gnu-toolchain/bin/../lib/gcc/avr/4.7.2/avr5\libgcc.a(_exit.o)
 .text.libgcc.div
                0x00000000        0x0 c:/program files (x86)/atmel/atmel toolchain/avr8 gcc/native/3.4.2.1002/avr8-gnu-toolchain/bin/../lib/gcc/avr/4.7.2/avr5\libgcc.a(_exit.o)
 .text.libgcc   0x00000000        0x0 c:/program files (x86)/atmel/atmel toolchain/avr8 gcc/native/3.4.2.1002/avr8-gnu-toolchain/bin/../lib/gcc/avr/4.7.2/avr5\libgcc.a(_exit.o)
 .text.libgcc.prologue
                0x00000000        0x0 c:/program files (x86)/atmel/atmel toolchain/avr8 gcc/native/3.4.2.1002/avr8-gnu-toolchain/bin/../lib/gcc/avr/4.7.2/avr5\libgcc.a(_exit.o)
 .text.libgcc.builtins
                0x00000000        0x0 c:/program files (x86)/atmel/atmel toolchain/avr8 gcc/native/3.4.2.1002/avr8-gnu-toolchain/bin/../lib/gcc/avr/4.7.2/avr5\libgcc.a(_exit.o)
 .text.libgcc.fmul
                0x00000000        0x0 c:/program files (x86)/atmel/atmel toolchain/avr8 gcc/native/3.4.2.1002/avr8-gnu-toolchain/bin/../lib/gcc/avr/4.7.2/avr5\libgcc.a(_exit.o)
 .text          0x00000000        0x0 c:/program files (x86)/atmel/atmel toolchain/avr8 gcc/native/3.4.2.1002/avr8-gnu-toolchain/bin/../lib/gcc/avr/4.7.2/avr5\libgcc.a(_copy_data.o)
 .bss           0x00000000        0x0 c:/program files (x86)/atmel/atmel toolchain/avr8 gcc/native/3.4.2.1002/avr8-gnu-toolchain/bin/../lib/gcc/avr/4.7.2/avr5\libgcc.a(_copy_data.o)
 .text.libgcc.mul
                0x00000000        0x0 c:/program files (x86)/atmel/atmel toolchain/avr8 gcc/native/3.4.2.1002/avr8-gnu-toolchain/bin/../lib/gcc/avr/4.7.2/avr5\libgcc.a(_copy_data.o)
 .text.libgcc.div
                0x00000000        0x0 c:/program files (x86)/atmel/atmel toolchain/avr8 gcc/native/3.4.2.1002/avr8-gnu-toolchain/bin/../lib/gcc/avr/4.7.2/avr5\libgcc.a(_copy_data.o)
 .text.libgcc   0x00000000        0x0 c:/program files (x86)/atmel/atmel toolchain/avr8 gcc/native/3.4.2.1002/avr8-gnu-toolchain/bin/../lib/gcc/avr/4.7.2/avr5\libgcc.a(_copy_data.o)
 .text.libgcc.prologue
                0x00000000        0x0 c:/program files (x86)/atmel/atmel toolchain/avr8 gcc/native/3.4.2.1002/avr8-gnu-toolchain/bin/../lib/gcc/avr/4.7.2/avr5\libgcc.a(_copy_data.o)
 .text.libgcc.builtins
                0x00000000        0x0 c:/program files (x86)/atmel/atmel toolchain/avr8 gcc/native/3.4.2.1002/avr8-gnu-toolchain/bin/../lib/gcc/avr/4.7.2/avr5\libgcc.a(_copy_data.o)
 .text.libgcc.fmul
                0x00000000        0x0 c:/program files (x86)/atmel/atmel toolchain/avr8 gcc/native/3.4.2.1002/avr8-gnu-toolchain/bin/../lib/gcc/avr/4.7.2/avr5\libgcc.a(_copy_data.o)
 .text          0x00000000        0x0 c:/program files (x86)/atmel/atmel toolchain/avr8 gcc/native/3.4.2.1002/avr8-gnu-toolchain/bin/../lib/gcc/avr/4.7.2/avr5\libgcc.a(_clear_bss.o)
 .bss           0x00000000        0x0 c:/program files (x86)/atmel/atmel toolchain/avr8 gcc/native/3.4.2.1002/avr8-gnu-toolchain/bin/../lib/gcc/avr/4.7.2/avr5\libgcc.a(_clear_bss.o)
 .text.libgcc.mul
                0x00000000        0x0 c:/program files (x86)/atmel/atmel toolchain/avr8 gcc/native/3.4.2.1002/avr8-gnu-toolchain/bin/../lib/gcc/avr/4.7.2/avr5\libgcc.a(_clear_bss.o)
 .text.libgcc.div
                0x00000000        0x0 c:/program files (x86)/atmel/atmel toolchain/avr8 gcc/native/3.4.2.1002/avr8-gnu-toolchain/bin/../lib/gcc/avr/4.7.2/avr5\libgcc.a(_clear_bss.o)
 .text.libgcc   0x00000000        0x0 c:/program files (x86)/atmel/atmel toolchain/avr8 gcc/native/3.4.2.1002/avr8-gnu-toolchain/bin/../lib/gcc/avr/4.7.2/avr5\libgcc.a(_clear_bss.o)
 .text.libgcc.prologue
                0x00000000        0x0 c:/program files (x86)/atmel/atmel toolchain/avr8 gcc/native/3.4.2.1002/avr8-gnu-toolchain/bin/../lib/gcc/avr/4.7.2/avr5\libgcc.a(_clear_bss.o)
 .text.libgcc.builtins
                0x00000000        0x0 c:/program files (x86)/atmel/atmel toolchain/avr8 gcc/native/3.4.2.1002/avr8-gnu-toolchain/bin/../lib/gcc/avr/4.7.2/avr5\libgcc.a(_clear_bss.o)
 .text.libgcc.fmul
                0x00000000        0x0 c:/program files (x86)/atmel/atmel toolchain/avr8 gcc/native/3.4.2.1002/avr8-gnu-toolchain/bin/../lib/gcc/avr/4.7.2/avr5\libgcc.a(_clear_bss.o)
 .text          0x00000000        0x0 c:/program files (x86)/atmel/atmel toolchain/avr8 gcc/native/3.4.2.1002/avr8-gnu-toolchain/bin/../lib/gcc/avr/4.7.2/avr5\libgcc.a(_prologue.o)
 .bss           0x00000000        0x0 c:/program files (x86)/atmel/atmel toolchain/avr8 gcc/native/3.4.2.1002/avr8-gnu-toolchain/bin/../lib/gcc/avr/4.7.2/avr5\libgcc.a(_prologue.o)
 .text.libgcc.mul
                0x00000000        0x0 c:/program files (x86)/atmel/atmel toolchain/avr8 gcc/native/3.4.2.1002/avr8-gnu-toolchain/bin/../lib/gcc/avr/4.7.2/avr5\libgcc.a(_prologue.o)
 .text.libgcc.div
                0x00000000        0x0 c:/program files (x86)/atmel/atmel toolchain/avr8 gcc/native/3.4.2.1002/avr8-gnu-toolchain/bin/../lib/gcc/avr/4.7.2/avr5\libgcc.a(_prologue.o)
 .text.libgcc   0x00000000        0x0 c:/program files (x86)/atmel/atmel toolchain/avr8 gcc/native/3.4.2.1002/avr8-gnu-toolchain/bin/../lib/gcc/avr/4.7.2/avr5\libgcc.a(_prologue.o)
 .text.libgcc.builtins
                0x00000000        0x0 c:/program files (x86)/atmel/atmel toolchain/avr8 gcc/native/3.4.2.1002/avr8-gnu-toolchain/bin/../lib/gcc/avr/4.7.2/avr5\libgcc.a(_prologue.o)
 .text.libgcc.fmul
                0x00000000        0x0 c:/program files (x86)/atmel/atmel toolchain/avr8 gcc/native/3.4.2.1002/avr8-gnu-toolchain/bin/../lib/gcc/avr/4.7.2/avr5\libgcc.a(_prologue.o)
 .text          0x00000000        0x0 c:/program files (x86)/atmel/atmel toolchain/avr8 gcc/native/3.4.2.1002/avr8-gnu-toolchain/bin/../lib/gcc/avr/4.7.2/avr5\libgcc.a(_epilogue.o)
 .bss           0x00000000        0x0 c:/program files (x86)/atmel/atmel toolchain/avr8 gcc/native/3.4.2.1002/avr8-gnu-toolchain/bin/../lib/gcc/avr/4.7.2/avr5\libgcc.a(_epilogue.o)
 .text.libgcc.mul
                0x00000000        0x0 c:/program files (x86)/atmel/atmel toolchain/avr8 gcc/native/3.4.2.1002/avr8-gnu-toolchain/bin/../lib/gcc/avr/4.7.2/avr5\libgcc.a(_epilogue.o)
 .text.libgcc.div
                0x00000000        0x0 c:/program files (x86)/atmel/atmel toolchain/avr8 gcc/native/3.4.2.1002/avr8-gnu-toolchain/bin/../lib/gcc/avr/4.7.2/avr5\libgcc.a(_epilogue.o)
 .text.libgcc   0x00000000        0x0 c:/program files (x86)/atmel/atmel toolchain/avr8 gcc/native/3.4.2.1002/avr8-gnu-toolchain/bin/../lib/gcc/avr/4.7.2/avr5\libgcc.a(_epilogue.o)
 .text.libgcc.builtins
                0x00000000        0x0 c:/program files (x86)/atmel/atmel toolchain/avr8 gcc/native/3.4.2.1002/avr8-gnu-toolchain/bin/../lib/gcc/avr/4.7.2/avr5\libgcc.a(_epilogue.o)
 .text.libgcc.fmul
                0x00000000        0x0 c:/program files (x86)/atmel/atmel toolchain/avr8 gcc/native/3.4.2.1002/avr8-gnu-toolchain/bin/../lib/gcc/avr/4.7.2/avr5\libgcc.a(_epilogue.o)

Memory Configuration

Name             Origin             Length             Attributes
text             0x00000000         0x00020000         xr
data             0x00800060         0x0000ffa0         rw !x
eeprom           0x00810000         0x00010000         rw !x
fuse             0x00820000         0x00000400         rw !x
lock             0x00830000         0x00000400         rw !x
signature        0x00840000         0x00000400         rw !x
user_signatures  0x00850000         0x00000400         rw !x
*default*        0x00000000         0xffffffff

Linker script and memory map

Address of section .data set to 0x800100
LOAD c:/program files (x86)/atmel/atmel toolchain/avr8 gcc/native/3.4.2.1002/avr8-gnu-toolchain/bin/../lib/gcc/avr/4.7.2/../../../../avr/lib/avr5/crtm324pa.o
LOAD alarm.o
LOAD buttons.o
LOAD comparator.o
LOAD ds3231.o
LOAD eeprom.o
LOAD indication.o
LOAD ir.o
LOAD main.o
LOAD sensors_handler.o
LOAD src/QTouch/init_mcu_atmega324.o
LOAD src/QTouch/qt_asm_tiny_mega.o
LOAD touch.o
START GROUP
LOAD ../src/QTouch\libavr5g1-4qt-k-0rs.a
LOAD c:/program files (x86)/atmel/atmel toolchain/avr8 gcc/native/3.4.2.1002/avr8-gnu-toolchain/bin/../lib/gcc/avr/4.7.2/../../../../avr/lib/avr5\libm.a
END GROUP
LOAD c:/program files (x86)/atmel/atmel toolchain/avr8 gcc/native/3.4.2.1002/avr8-gnu-toolchain/bin/../lib/gcc/avr/4.7.2/avr5\libgcc.a
LOAD c:/program files (x86)/atmel/atmel toolchain/avr8 gcc/native/3.4.2.1002/avr8-gnu-toolchain/bin/../lib/gcc/avr/4.7.2/../../../../avr/lib/avr5\libc.a
LOAD c:/program files (x86)/atmel/atmel toolchain/avr8 gcc/native/3.4.2.1002/avr8-gnu-toolchain/bin/../lib/gcc/avr/4.7.2/avr5\libgcc.a

.hash
 *(.hash)

.dynsym
 *(.dynsym)

.dynstr
 *(.dynstr)

.gnu.version
 *(.gnu.version)

.gnu.version_d
 *(.gnu.version_d)

.gnu.version_r
 *(.gnu.version_r)

.rel.init
 *(.rel.init)

.rela.init
 *(.rela.init)

.rel.text
 *(.rel.text)
 *(.rel.text.*)
 *(.rel.gnu.linkonce.t*)

.rela.text
 *(.rela.text)
 *(.rela.text.*)
 *(.rela.gnu.linkonce.t*)

.rel.fini
 *(.rel.fini)

.rela.fini
 *(.rela.fini)

.rel.rodata
 *(.rel.rodata)
 *(.rel.rodata.*)
 *(.rel.gnu.linkonce.r*)

.rela.rodata
 *(.rela.rodata)
 *(.rela.rodata.*)
 *(.rela.gnu.linkonce.r*)

.rel.data
 *(.rel.data)
 *(.rel.data.*)
 *(.rel.gnu.linkonce.d*)

.rela.data
 *(.rela.data)
 *(.rela.data.*)
 *(.rela.gnu.linkonce.d*)

.rel.ctors
 *(.rel.ctors)

.rela.ctors
 *(.rela.ctors)

.rel.dtors
 *(.rel.dtors)

.rela.dtors
 *(.rela.dtors)

.rel.got
 *(.rel.got)

.rela.got
 *(.rela.got)

.rel.bss
 *(.rel.bss)

.rela.bss
 *(.rela.bss)

.rel.plt
 *(.rel.plt)

.rela.plt
 *(.rela.plt)

.text           0x00000000     0x20f8
 *(.vectors)
 .vectors       0x00000000       0x7c c:/program files (x86)/atmel/atmel toolchain/avr8 gcc/native/3.4.2.1002/avr8-gnu-toolchain/bin/../lib/gcc/avr/4.7.2/../../../../avr/lib/avr5/crtm324pa.o
                0x00000000                __vector_default
                0x00000000                __vectors
 *(.vectors)
 *(.progmem.gcc*)
 *(.progmem*)
                0x0000007c                . = ALIGN (0x2)
                0x0000007c                __trampolines_start = .
 *(.trampolines)
 .trampolines   0x0000007c        0x0 linker stubs
 *(.trampolines*)
                0x0000007c                __trampolines_end = .
 *(.jumptables)
 *(.jumptables*)
 *(.lowtext)
 *(.lowtext*)
                0x0000007c                __ctors_start = .
 *(.ctors)
                0x0000007c                __ctors_end = .
                0x0000007c                __dtors_start = .
 *(.dtors)
                0x0000007c                __dtors_end = .
 SORT(*)(.ctors)
 SORT(*)(.dtors)
 *(.init0)
 .init0         0x0000007c        0x0 c:/program files (x86)/atmel/atmel toolchain/avr8 gcc/native/3.4.2.1002/avr8-gnu-toolchain/bin/../lib/gcc/avr/4.7.2/../../../../avr/lib/avr5/crtm324pa.o
                0x0000007c                __init
 *(.init0)
 *(.init1)
 *(.init1)
 *(.init2)
 .init2         0x0000007c        0xc c:/program files (x86)/atmel/atmel toolchain/avr8 gcc/native/3.4.2.1002/avr8-gnu-toolchain/bin/../lib/gcc/avr/4.7.2/../../../../avr/lib/avr5/crtm324pa.o
 *(.init2)
 *(.init3)
 *(.init3)
 *(.init4)
 .init4         0x00000088       0x16 c:/program files (x86)/atmel/atmel toolchain/avr8 gcc/native/3.4.2.1002/avr8-gnu-toolchain/bin/../lib/gcc/avr/4.7.2/avr5\libgcc.a(_copy_data.o)
                0x00000088                __do_copy_data
 .init4         0x0000009e       0x10 c:/program files (x86)/atmel/atmel toolchain/avr8 gcc/native/3.4.2.1002/avr8-gnu-toolchain/bin/../lib/gcc/avr/4.7.2/avr5\libgcc.a(_clear_bss.o)
                0x0000009e                __do_clear_bss
 *(.init4)
 *(.init5)
 *(.init5)
 *(.init6)
 *(.init6)
 *(.init7)
 *(.init7)
 *(.init8)
 *(.init8)
 *(.init9)
 .init9         0x000000ae        0x8 c:/program files (x86)/atmel/atmel toolchain/avr8 gcc/native/3.4.2.1002/avr8-gnu-toolchain/bin/../lib/gcc/avr/4.7.2/../../../../avr/lib/avr5/crtm324pa.o
 *(.init9)
 *(.text)
 .text          0x000000b6        0x4 c:/program files (x86)/atmel/atmel toolchain/avr8 gcc/native/3.4.2.1002/avr8-gnu-toolchain/bin/../lib/gcc/avr/4.7.2/../../../../avr/lib/avr5/crtm324pa.o
                0x000000b6                __vector_22
                0x000000b6                __vector_28
                0x000000b6                __vector_1
                0x000000b6                __vector_24
                0x000000b6                __vector_12
                0x000000b6                __bad_interrupt
                0x000000b6                __vector_3
                0x000000b6                __vector_23
                0x000000b6                __vector_30
                0x000000b6                __vector_25
                0x000000b6                __vector_11
                0x000000b6                __vector_13
                0x000000b6                __vector_17
                0x000000b6                __vector_19
                0x000000b6                __vector_7
                0x000000b6                __vector_27
                0x000000b6                __vector_5
                0x000000b6                __vector_4
                0x000000b6                __vector_9
                0x000000b6                __vector_2
                0x000000b6                __vector_21
                0x000000b6                __vector_15
                0x000000b6                __vector_29
                0x000000b6                __vector_8
                0x000000b6                __vector_14
                0x000000b6                __vector_10
                0x000000b6                __vector_18
                0x000000b6                __vector_20
 .text          0x000000ba       0x7c src/QTouch/qt_asm_tiny_mega.o
                0x000000ba                _1101010101_
                0x000000ee                _1101010111_
                0x0000011c                _1101010110_
 .text          0x00000136      0x1b0 ../src/QTouch\libavr5g1-4qt-k-0rs.a(burst_1_1_10_0_1.o)
                0x00000136                burst_1_1_10_0_1
 .text          0x000002e6      0x27a ../src/QTouch\libavr5g1-4qt-k-0rs.a(touch_api.o)
                0x000002e6                qt_init_sensing_with_burst
                0x00000328                qt_get_library_sig
                0x00000340                qt_calibrate_sensing
                0x0000035a                qt_reset_sensing
                0x00000392                qt_measure_sensors
                0x00000486                qt_enable_key
                0x000004ba                qt_get_sensor_delta
 .text          0x00000560      0x5e2 ../src/QTouch\libavr5g1-4qt-k-0rs.a(touch_process.o)
                0x0000059c                start_cal_sensor
                0x000005c6                process_sensor
                0x00000b16                get_channel_delta
 .text          0x00000b42       0x66 ../src/QTouch\libavr5g1-4qt-k-0rs.a(touch_burst_qt.o)
                0x00000b42                burst_init
                0x00000b4c                burst_reset
                0x00000b6e                burst
                0x00000ba8                . = ALIGN (0x2)
 *(.text.*)
 .text.bcd2bin  0x00000ba8       0x1a alarm.o
 .text.init_alarms
                0x00000bc2       0x6a alarm.o
                0x00000bc2                init_alarms
 .text.time_after_alarm
                0x00000c2c       0x9e alarm.o
                0x00000c2c                time_after_alarm
 .text.time_before_alarm
                0x00000cca       0xb2 alarm.o
                0x00000cca                time_before_alarm
 .text.CheckAlarms
                0x00000d7c      0x1ba alarm.o
                0x00000d7c                CheckAlarms
 .text.ShowAlarmWeekday
                0x00000f36       0x46 buttons.o
                0x00000f36                ShowAlarmWeekday
 .text.IncHH    0x00000f7c       0x38 buttons.o
                0x00000f7c                IncHH
 .text.IncMM    0x00000fb4       0x32 buttons.o
                0x00000fb4                IncMM
 .text.Button1_LP
                0x00000fe6        0xc buttons.o
                0x00000fe6                Button1_LP
 .text.Button1_pressed
                0x00000ff2      0x212 buttons.o
                0x00000ff2                Button1_pressed
 .text.Button2_pressed
                0x00001204      0x2ec buttons.o
                0x00001204                Button2_pressed
 .text.Button3_pressed
                0x000014f0        0xc buttons.o
                0x000014f0                Button3_pressed
 .text.Button3_LP
                0x000014fc       0x40 buttons.o
                0x000014fc                Button3_LP
 .text.Button2_LP
                0x0000153c       0x32 buttons.o
                0x0000153c                Button2_LP
 .text.init_comparator
                0x0000156e       0x1c comparator.o
                0x0000156e                init_comparator
 .text.check_comparator
                0x0000158a       0x16 comparator.o
                0x0000158a                check_comparator
 .text.init_rtc
                0x000015a0       0x4e ds3231.o
                0x000015a0                init_rtc
 .text.GetTime  0x000015ee       0x8a ds3231.o
                0x000015ee                GetTime
 .text.SetTime  0x00001678       0x3a ds3231.o
                0x00001678                SetTime
 .text.SetDay   0x000016b2       0x32 ds3231.o
                0x000016b2                SetDay
 .text.GetTemp  0x000016e4       0x82 ds3231.o
                0x000016e4                GetTemp
 .text.__vector_26
                0x00001766       0xea ds3231.o
                0x00001766                __vector_26
 .text.EEPROM_read
                0x00001850        0xe eeprom.o
                0x00001850                EEPROM_read
 .text.EEPROM_write
                0x0000185e       0x14 eeprom.o
                0x0000185e                EEPROM_write
 .text.led_on   0x00001872        0x8 indication.o
                0x00001872                led_on
 .text.led_off  0x0000187a        0xa indication.o
                0x0000187a                led_off
 .text.blink_led
                0x00001884       0x32 indication.o
                0x00001884                blink_led
 .text.beep     0x000018b6       0x10 indication.o
                0x000018b6                beep
 .text.init_indication
                0x000018c6       0x22 indication.o
                0x000018c6                init_indication
 .text.indication_isr
                0x000018e8      0x122 indication.o
                0x000018e8                indication_isr
 .text.__vector_6
                0x00001a0a       0x4c indication.o
                0x00001a0a                __vector_6
 .text.Show     0x00001a56       0x26 indication.o
                0x00001a56                Show
 .text.ShowTime
                0x00001a7c       0x1c indication.o
                0x00001a7c                ShowTime
 .text.ShowTemp
                0x00001a98       0xe0 indication.o
                0x00001a98                ShowTemp
 .text.blink    0x00001b78       0x60 ir.o
 .text.pause    0x00001bd8       0x5c ir.o
 .text.SendCommand
                0x00001c34       0xfa ir.o
                0x00001c34                SendCommand
 .text.init_ir  0x00001d2e        0x4 ir.o
                0x00001d2e                init_ir
 .text.startup.main
                0x00001d32       0x9a main.o
                0x00001d32                main
 .text.CheckSensors
                0x00001dcc       0xac sensors_handler.o
                0x00001dcc                CheckSensors
 .text.ButtonHandler
                0x00001e78       0x68 sensors_handler.o
                0x00001e78                ButtonHandler
 .text.init_timer_isr
                0x00001ee0       0x1c src/QTouch/init_mcu_atmega324.o
                0x00001ee0                init_timer_isr
 .text.__vector_16
                0x00001efc       0x88 src/QTouch/init_mcu_atmega324.o
                0x00001efc                __vector_16
 .text.init_system
                0x00001f84       0x24 src/QTouch/init_mcu_atmega324.o
                0x00001f84                init_system
 .text.touch_init
                0x00001fa8       0x84 touch.o
                0x00001fa8                touch_init
 .text.touch_measure
                0x0000202c       0x32 touch.o
                0x0000202c                touch_measure
 .text.libgcc.div
                0x0000205e       0x28 c:/program files (x86)/atmel/atmel toolchain/avr8 gcc/native/3.4.2.1002/avr8-gnu-toolchain/bin/../lib/gcc/avr/4.7.2/avr5\libgcc.a(_udivmodhi4.o)
                0x0000205e                __udivmodhi4
 .text.libgcc.prologue
                0x00002086       0x38 c:/program files (x86)/atmel/atmel toolchain/avr8 gcc/native/3.4.2.1002/avr8-gnu-toolchain/bin/../lib/gcc/avr/4.7.2/avr5\libgcc.a(_prologue.o)
                0x00002086                __prologue_saves__
 .text.libgcc.prologue
                0x000020be       0x36 c:/program files (x86)/atmel/atmel toolchain/avr8 gcc/native/3.4.2.1002/avr8-gnu-toolchain/bin/../lib/gcc/avr/4.7.2/avr5\libgcc.a(_epilogue.o)
                0x000020be                __epilogue_restores__
                0x000020f4                . = ALIGN (0x2)
 *(.fini9)
 .fini9         0x000020f4        0x0 c:/program files (x86)/atmel/atmel toolchain/avr8 gcc/native/3.4.2.1002/avr8-gnu-toolchain/bin/../lib/gcc/avr/4.7.2/avr5\libgcc.a(_exit.o)
                0x000020f4                _exit
                0x000020f4                exit
 *(.fini9)
 *(.fini8)
 *(.fini8)
 *(.fini7)
 *(.fini7)
 *(.fini6)
 *(.fini6)
 *(.fini5)
 *(.fini5)
 *(.fini4)
 *(.fini4)
 *(.fini3)
 *(.fini3)
 *(.fini2)
 *(.fini2)
 *(.fini1)
 *(.fini1)
 *(.fini0)
 .fini0         0x000020f4        0x4 c:/program files (x86)/atmel/atmel toolchain/avr8 gcc/native/3.4.2.1002/avr8-gnu-toolchain/bin/../lib/gcc/avr/4.7.2/avr5\libgcc.a(_exit.o)
 *(.fini0)
                0x000020f8                _etext = .

.data           0x00800100       0x22 load address 0x000020f8
                0x00800100                PROVIDE (__data_start, .)
 *(.data)
 .data          0x00800100        0x0 c:/program files (x86)/atmel/atmel toolchain/avr8 gcc/native/3.4.2.1002/avr8-gnu-toolchain/bin/../lib/gcc/avr/4.7.2/../../../../avr/lib/avr5/crtm324pa.o
 .data          0x00800100        0x0 alarm.o
 .data          0x00800100        0x0 buttons.o
 .data          0x00800100        0x0 comparator.o
 .data          0x00800100        0x0 ds3231.o
 .data          0x00800100        0x0 eeprom.o
 .data          0x00800100        0x0 indication.o
 .data          0x00800100        0x0 ir.o
 .data          0x00800100        0x0 main.o
 .data          0x00800100        0x0 sensors_handler.o
 .data          0x00800100        0x0 src/QTouch/init_mcu_atmega324.o
 .data          0x00800100        0x0 src/QTouch/qt_asm_tiny_mega.o
 .data          0x00800100        0x0 touch.o
 .data          0x00800100        0x0 ../src/QTouch\libavr5g1-4qt-k-0rs.a(burst_1_1_10_0_1.o)
 .data          0x00800100        0x1 ../src/QTouch\libavr5g1-4qt-k-0rs.a(touch_api.o)
                0x00800100                freq_shift
 .data          0x00800101        0x0 ../src/QTouch\libavr5g1-4qt-k-0rs.a(touch_process.o)
 .data          0x00800101        0x0 ../src/QTouch\libavr5g1-4qt-k-0rs.a(touch_burst_qt.o)
 .data          0x00800101        0x0 c:/program files (x86)/atmel/atmel toolchain/avr8 gcc/native/3.4.2.1002/avr8-gnu-toolchain/bin/../lib/gcc/avr/4.7.2/avr5\libgcc.a(_udivmodhi4.o)
 .data          0x00800101        0x0 c:/program files (x86)/atmel/atmel toolchain/avr8 gcc/native/3.4.2.1002/avr8-gnu-toolchain/bin/../lib/gcc/avr/4.7.2/avr5\libgcc.a(_exit.o)
 .data          0x00800101        0x0 c:/program files (x86)/atmel/atmel toolchain/avr8 gcc/native/3.4.2.1002/avr8-gnu-toolchain/bin/../lib/gcc/avr/4.7.2/avr5\libgcc.a(_copy_data.o)
 .data          0x00800101        0x0 c:/program files (x86)/atmel/atmel toolchain/avr8 gcc/native/3.4.2.1002/avr8-gnu-toolchain/bin/../lib/gcc/avr/4.7.2/avr5\libgcc.a(_clear_bss.o)
 .data          0x00800101        0x0 c:/program files (x86)/atmel/atmel toolchain/avr8 gcc/native/3.4.2.1002/avr8-gnu-toolchain/bin/../lib/gcc/avr/4.7.2/avr5\libgcc.a(_prologue.o)
 .data          0x00800101        0x0 c:/program files (x86)/atmel/atmel toolchain/avr8 gcc/native/3.4.2.1002/avr8-gnu-toolchain/bin/../lib/gcc/avr/4.7.2/avr5\libgcc.a(_epilogue.o)
 *(.data*)
 .data.twiState
                0x00800101        0x1 ds3231.o
 .data.Indicator
                0x00800102        0x4 indication.o
                0x00800102                Indicator
 .data.qt_measurement_period_msec
                0x00800106        0x2 main.o
                0x00800106                qt_measurement_period_msec
 .data.current_time
                0x00800108        0x3 main.o
                0x00800108                current_time
 *(.rodata)
 *(.rodata*)
 .rodata.SEGTABLE
                0x0080010b       0x17 indication.o
 *(.gnu.linkonce.d*)
                0x00800122                . = ALIGN (0x2)
                0x00800122                _edata = .
                0x00800122                PROVIDE (__data_end, .)

.bss            0x00800122       0x87
                0x00800122                PROVIDE (__bss_start, .)
 *(.bss)
 .bss           0x00800122        0x3 ../src/QTouch\libavr5g1-4qt-k-0rs.a(burst_1_1_10_0_1.o)
 .bss           0x00800125       0x22 ../src/QTouch\libavr5g1-4qt-k-0rs.a(touch_api.o)
                0x00800125                burst_proc
                0x00800127                lib_status_flags
                0x00800129                qt_filter_callback
                0x0080012b                qt_measure_data
                0x0080013c                qt_config_data
 .bss           0x00800147       0x1e ../src/QTouch\libavr5g1-4qt-k-0rs.a(touch_process.o)
                0x00800147                dht_counter
                0x00800148                num_sensors
                0x00800149                sensors
 .bss           0x00800165        0x8 ../src/QTouch\libavr5g1-4qt-k-0rs.a(touch_burst_qt.o)
                0x00800165                SNSK_array
                0x00800169                SNS_array
 *(.bss*)
 .bss.is_dark.1575
                0x0080016d        0x1 alarm.o
 .bss.alarm_index
                0x0080016e        0x1 buttons.o
 .bss.twiMsgSize
                0x0080016f        0x1 ds3231.o
 .bss.twiBuf    0x00800170        0x8 ds3231.o
 .bss.ptr.1442  0x00800178        0x1 ds3231.o
 .bss.blink_on  0x00800179        0x1 indication.o
 .bss.port_bits
                0x0080017a        0x1 indication.o
 .bss.beep_pattern
                0x0080017b        0x1 indication.o
 .bss.blink_mask
                0x0080017c        0x1 indication.o
                0x0080017c                blink_mask
 .bss.dot_mask  0x0080017d        0x1 indication.o
                0x0080017d                dot_mask
 .bss.prev_time.1460
                0x0080017e        0x2 indication.o
 .bss.tick.1472
                0x00800180        0x1 indication.o
 .bss.CurDigit.1471
                0x00800181        0x1 indication.o
 .bss.count.1466
                0x00800182        0x1 indication.o
 .bss.time_show.1487
                0x00800183        0x2 indication.o
 .bss.time_ms   0x00800185        0x2 ir.o
 .bss.current_time_ms_touch
                0x00800187        0x2 main.o
                0x00800187                current_time_ms_touch
 .bss.time_to_measure_touch
                0x00800189        0x1 main.o
                0x00800189                time_to_measure_touch
 .bss.time_ms_inc
                0x0080018a        0x2 main.o
                0x0080018a                time_ms_inc
 .bss.status    0x0080018c        0x1 main.o
                0x0080018c                status
 .bss.pressed.1637
                0x0080018d        0x1 sensors_handler.o
 .bss.button_touch_time.1638
                0x0080018e        0x2 sensors_handler.o
 .bss.status_flag.1596
                0x00800190        0x2 touch.o
 .bss.burst_flag.1597
                0x00800192        0x2 touch.o
 *(COMMON)
 COMMON         0x00800194       0x14 alarm.o
                0x00800194                Alarms
 COMMON         0x008001a8        0x1 buttons.o
                0x008001a8                Mode
                0x008001a9                PROVIDE (__bss_end, .)
                0x000020f8                __data_load_start = LOADADDR (.data)
                0x0000211a                __data_load_end = (__data_load_start + SIZEOF (.data))

.noinit         0x008001a9        0x0
                0x008001a9                PROVIDE (__noinit_start, .)
 *(.noinit*)
                0x008001a9                PROVIDE (__noinit_end, .)
                0x008001a9                _end = .
                0x008001a9                PROVIDE (__heap_start, .)

.eeprom         0x00810000        0x0
 *(.eeprom*)
                0x00810000                __eeprom_end = .

.fuse
 *(.fuse)
 *(.lfuse)
 *(.hfuse)
 *(.efuse)

.lock
 *(.lock*)

.signature
 *(.signature*)

.user_signatures
 *(.user_signatures*)

.stab           0x00000000      0x6cc
 *(.stab)
 .stab          0x00000000      0x6cc c:/program files (x86)/atmel/atmel toolchain/avr8 gcc/native/3.4.2.1002/avr8-gnu-toolchain/bin/../lib/gcc/avr/4.7.2/../../../../avr/lib/avr5/crtm324pa.o

.stabstr        0x00000000       0x97
 *(.stabstr)
 .stabstr       0x00000000       0x97 c:/program files (x86)/atmel/atmel toolchain/avr8 gcc/native/3.4.2.1002/avr8-gnu-toolchain/bin/../lib/gcc/avr/4.7.2/../../../../avr/lib/avr5/crtm324pa.o

.stab.excl
 *(.stab.excl)

.stab.exclstr
 *(.stab.exclstr)

.stab.index
 *(.stab.index)

.stab.indexstr
 *(.stab.indexstr)

.comment        0x00000000       0x2f
 *(.comment)
 .comment       0x00000000       0x2f alarm.o
                                 0x30 (size before relaxing)
 .comment       0x00000000       0x30 buttons.o
 .comment       0x00000000       0x30 comparator.o
 .comment       0x00000000       0x30 ds3231.o
 .comment       0x00000000       0x30 eeprom.o
 .comment       0x00000000       0x30 indication.o
 .comment       0x00000000       0x30 ir.o
 .comment       0x00000000       0x30 main.o
 .comment       0x00000000       0x30 sensors_handler.o
 .comment       0x00000000       0x30 src/QTouch/init_mcu_atmega324.o
 .comment       0x00000000       0x30 touch.o

.debug
 *(.debug)

.line
 *(.line)

.debug_srcinfo
 *(.debug_srcinfo)

.debug_sfnames
 *(.debug_sfnames)

.debug_aranges  0x00000000       0x20
 *(.debug_aranges)
 .debug_aranges
                0x00000000       0x20 src/QTouch/qt_asm_tiny_mega.o

.debug_pubnames
 *(.debug_pubnames)

.debug_info     0x00000000       0x8b
 *(.debug_info)
 .debug_info    0x00000000       0x8b src/QTouch/qt_asm_tiny_mega.o
 *(.gnu.linkonce.wi.*)

.debug_abbrev   0x00000000       0x14
 *(.debug_abbrev)
 .debug_abbrev  0x00000000       0x14 src/QTouch/qt_asm_tiny_mega.o

.debug_line     0x00000000       0x8f
 *(.debug_line)
 .debug_line    0x00000000       0x8f src/QTouch/qt_asm_tiny_mega.o

.debug_frame
 *(.debug_frame)

.debug_str
 *(.debug_str)

.debug_loc
 *(.debug_loc)

.debug_macinfo
 *(.debug_macinfo)

.debug_pubtypes
 *(.debug_pubtypes)

.debug_ranges
 *(.debug_ranges)

.debug_macro
 *(.debug_macro)
OUTPUT(clock.elf elf32-avr)
LOAD linker stubs
