HI-TECH Software PICC-18 Compiler V9.80 ()

Linker command line:

--edf=C:\Program Files\HI-TECH Software\PICC-18\9.80\dat\en_msgs.txt -cs \
  -h+dist/default/debug\ST7920_128x64.debug.sym -z -Q18F2520 -ol.obj \
  -Mdist/default/debug/ST7920_128x64.debug.map -E1 -ver=PICC-18 \
  -ACODE=00h-07D2Fh -ACONST=00h-07D2Fh \
  -ASMALLCONST=0600h-06FFhx119,07D00h-07D2Fh -AMEDIUMCONST=0600h-07D2Fh \
  -ACOMRAM=01h-07Fh -AABS1=00h-05EEh -ABIGRAM=01h-05EEh \
  -ARAM=080h-0FFh,0100h-01FFhx4,0500h-05EEh -ABANK0=080h-0FFh \
  -ABANK1=0100h-01FFh -ABANK2=0200h-02FFh -ABANK3=0300h-03FFh \
  -ABANK4=0400h-04FFh -ABANK5=0500h-05EEh \
  -ASFR=0F80h-0F9Bh,0F9Dh-0FD3h,0FD5h-0FDAh,0FE0h-0FE2h,0FE8h-0FEAh,0FF0h-0FFBh \
  -preset_vec=00h,intcode,intcodelo,powerup,init,end_init -pramtop=0600h \
  -psmallconst=SMALLCONST -pmediumconst=MEDIUMCONST -pconst=CONST \
  -AFARRAM=00h-00h -ACONFIG=0300000h-030000Dh -pconfig=CONFIG \
  -AIDLOC=0200000h-0200007h -pidloc=IDLOC -AEEDATA=0F00000h-0F000FFh \
  -peeprom_data=EEDATA \
  -prdata=COMRAM,nvrram=COMRAM,nvbit=COMRAM,rbss=COMRAM,rbit=COMRAM \
  -pfarbss=FARRAM,fardata=FARRAM \
  -pintsave_regs=BIGRAM,bigbss=BIGRAM,bigdata=BIGRAM -pbss=RAM \
  -pidata=CODE,irdata=CODE,ibigdata=CODE,ifardata=CODE \
  C:\DOCUME~1\VOLKOD~1\LOCALS~1\Temp\s3t8.obj \
  dist/default/debug\ST7920_128x64.debug.obj 

Object code version is 3.10

Machine type is 18F2520

Call graph: (short form)




                Name          Link     Load   Length Selector   Space       Scale
C:\DOCUME~1\VOLKOD~1\LOCALS~1\Temp\s3t8.obj
                end_init         2        2        4       0     0
                reset_vec        0        0        2       0     0
                config      300000   300000        E  300000     0
dist/default/debug\ST7920_128x64.debug.obj
                mediumcon     720E     720E      B22    3907     0
                text7         6A3E     6A3E      176    351F     0
                text6         671C     671C       2E    338E     0
                text5         674A     674A       2E    33A5     0
                text4         6816     6816       C2    340B     0
                text3         6E96     6E96      378    374B     0
                text2         6778     6778       9E    33BC     0
                text1         6BB4     6BB4      2E2    35DA     0
                text0         68D8     68D8      166    346C     0
                cstackCOM        1        1       36       1     1
                cinit         6712     6712        A    3389     0

TOTAL           Name          Link     Load   Length     Space
        CLASS   CODE           
                end_init         2        2        4     0
                reset_vec        0        0        2     0
                text7         6A3E     6A3E      176     0
                text6         671C     671C       2E     0
                text5         674A     674A       2E     0
                text4         6816     6816       C2     0
                text3         6E96     6E96      378     0
                text2         6778     6778       9E     0
                text1         6BB4     6BB4      2E2     0
                text0         68D8     68D8      166     0
                cinit         6712     6712        A     0

        CLASS   CONST          

        CLASS   SMALLCONST     

        CLASS   MEDIUMCONST    
                mediumcon     720E     720E      B22     0

        CLASS   COMRAM         
                cstackCOM        1        1       36     1

        CLASS   ABS1           

        CLASS   BIGRAM         

        CLASS   RAM            

        CLASS   BANK0          

        CLASS   BANK1          

        CLASS   BANK2          

        CLASS   BANK3          

        CLASS   BANK4          

        CLASS   BANK5          

        CLASS   SFR            

        CLASS   FARRAM         

        CLASS   CONFIG         
                config      300000   300000        E     0

        CLASS   IDLOC          

        CLASS   EEDATA         



SEGMENTS        Name            Load    Length   Top    Selector   Space  Class

                reset_vec       000000  000006  000006         0       0  CODE    
                cstackCOMRAM    000001  000036  000037         1       1  COMRAM  
                cinit           006712  00000A  00671C      3389       0  CODE    
                text6           00671C  00002E  00674A      338E       0  CODE    
                text5           00674A  00002E  006778      33A5       0  CODE    
                text2           006778  00009E  006816      33BC       0  CODE    
                text4           006816  0000C2  0068D8      340B       0  CODE    
                text0           0068D8  000166  006A3E      346C       0  CODE    
                text7           006A3E  000176  006BB4      351F       0  CODE    
                text1           006BB4  0002E2  006E96      35DA       0  CODE    
                text3           006E96  000378  00720E      374B       0  CODE    
                mediumconst     00720E  000B22  007D30      3907       0  MEDIUMCO
                config          300000  00000E  30000E    300000       0  CONFIG  


UNUSED ADDRESS RANGES

        Name                Unused          Largest block    Delta
        BANK0            000080-0000FF               80
        BANK1            000100-0001FF              100
        BANK2            000200-0002FF              100
        BANK3            000300-0003FF              100
        BANK4            000400-0004FF              100
        BANK5            000500-0005EE               EF
        BIGRAM           000037-0005EE              5B8
        CODE             000006-006711             670C
        COMRAM           000037-00007F               49
        CONST            000006-006711             670C
        EEDATA           F00000-F000FF              100
        IDLOC            200000-200007                8
        MEDIUMCONST      000600-006711             6112
        RAM              000080-0005EE              100
        SFR              000F80-000F9B               1C
                         000F9D-000FD3               37
                         000FD5-000FDA                6
                         000FE0-000FE2                3
                         000FE8-000FEA                3
                         000FF0-000FFB                C
        SMALLCONST       000600-006711              100

                                  Symbol Table

??_lcd_clear             cstackCOMRAM 00000F
??_lcd_comm              cstackCOMRAM 00000D
??_lcd_data              cstackCOMRAM 00000D
??_lcd_init              cstackCOMRAM 00000F
??_lcd_putc_big          cstackCOMRAM 000012
??_lcd_wr_byte           cstackCOMRAM 000002
??_lcd_wr_ni_byte        cstackCOMRAM 000002
??_main                  cstackCOMRAM 000034
?_lcd_clear              cstackCOMRAM 000001
?_lcd_comm               cstackCOMRAM 00000C
?_lcd_data               cstackCOMRAM 00000C
?_lcd_init               cstackCOMRAM 000001
?_lcd_putc_big           cstackCOMRAM 00000F
?_lcd_wr_byte            cstackCOMRAM 000001
?_lcd_wr_ni_byte         cstackCOMRAM 000001
?_main                   cstackCOMRAM 000001
_LATA                    (abs)        000F89
_LATB                    (abs)        000F8A
_LATBbits                (abs)        000F8A
_LATC                    (abs)        000F8B
_PORTA                   (abs)        000F80
_PORTB                   (abs)        000F81
_PORTC                   (abs)        000F82
_TRISA                   (abs)        000F92
_TRISB                   (abs)        000F93
_TRISC                   (abs)        000F94
__CFG_BOREN$ON           (abs)        000000
__CFG_BORV$2             (abs)        000000
__CFG_CCP2MX$PORTC       (abs)        000000
__CFG_CP0$OFF            (abs)        000000
__CFG_CP1$OFF            (abs)        000000
__CFG_CP2$OFF            (abs)        000000
__CFG_CP3$OFF            (abs)        000000
__CFG_CPB$OFF            (abs)        000000
__CFG_CPD$OFF            (abs)        000000
__CFG_DEBUG$OFF          (abs)        000000
__CFG_EBTR0$OFF          (abs)        000000
__CFG_EBTR1$OFF          (abs)        000000
__CFG_EBTR2$OFF          (abs)        000000
__CFG_EBTR3$OFF          (abs)        000000
__CFG_EBTRB$OFF          (abs)        000000
__CFG_FCMEN$OFF          (abs)        000000
__CFG_IESO$OFF           (abs)        000000
__CFG_LPT1OSC$OFF        (abs)        000000
__CFG_LVP$OFF            (abs)        000000
__CFG_MCLRE$ON           (abs)        000000
__CFG_OSC$HS             (abs)        000000
__CFG_PBADEN$ON          (abs)        000000
__CFG_PWRT$ON            (abs)        000000
__CFG_STVREN$ON          (abs)        000000
__CFG_WDT$OFF            (abs)        000000
__CFG_WDTPS$32768        (abs)        000000
__CFG_WRT0$OFF           (abs)        000000
__CFG_WRT1$OFF           (abs)        000000
__CFG_WRT2$OFF           (abs)        000000
__CFG_WRT3$OFF           (abs)        000000
__CFG_WRTB$OFF           (abs)        000000
__CFG_WRTC$OFF           (abs)        000000
__CFG_WRTD$OFF           (abs)        000000
__CFG_XINST$OFF          (abs)        000000
__HRAM                   (abs)        000000
__Habs1                  abs1         000000
__Hbank0                 bank0        000000
__Hbank1                 bank1        000000
__Hbank2                 bank2        000000
__Hbank3                 bank3        000000
__Hbank4                 bank4        000000
__Hbank5                 bank5        000000
__Hbigbss                bigbss       000000
__Hbigdata               bigdata      000000
__Hbigram                bigram       000000
__Hbss                   bss          000000
__Hcinit                 cinit        000000
__Hclrtext               clrtext      000000
__Hcomram                comram       000000
__Hconfig                config       30000E
__Hconst                 const        000000
__HcstackCOMRAM          cstackCOMRAM 000000
__Hdata                  data         000000
__Heeprom_data           eeprom_data  000000
__Hend_init              end_init     000006
__Hfarbss                farbss       000000
__Hfardata               fardata      000000
__Hibigdata              ibigdata     000000
__Hidata                 idata        000000
__Hidloc                 idloc        000000
__Hifardata              ifardata     000000
__Hinit                  init         000002
__Hintcode               intcode      000002
__Hintcode_body          intcode_body 000000
__Hintcodelo             intcodelo    000002
__Hintentry              intentry     000000
__Hintret                intret       000000
__Hintsave_regs          intsave_regs 000000
__Hirdata                irdata       000000
__Hmediumconst           mediumconst  007D30
__Hnvbit                 nvbit        000000
__Hnvrram                nvrram       000000
__Hparam                 rparam       000000
__Hpowerup               powerup      000002
__Hram                   ram          000000
__Hramtop                ramtop       000600
__Hrbit                  rbit         000000
__Hrbss                  rbss         000000
__Hrdata                 rdata        000000
__Hreset_vec             reset_vec    000002
__Hrparam                rparam       000000
__Hsfr                   sfr          000000
__Hsmallconst            smallconst   000000
__Hstruct                struct       000000
__Htemp                  temp         000000
__Htext                  text         000000
__Htext0                 text0        000000
__Htext1                 text1        000000
__Htext2                 text2        000000
__Htext3                 text3        000000
__Htext4                 text4        000000
__Htext5                 text5        000000
__Htext6                 text6        000000
__Htext7                 text7        000000
__LRAM                   (abs)        000001
__Labs1                  abs1         000000
__Lbank0                 bank0        000000
__Lbank1                 bank1        000000
__Lbank2                 bank2        000000
__Lbank3                 bank3        000000
__Lbank4                 bank4        000000
__Lbank5                 bank5        000000
__Lbigbss                bigbss       000000
__Lbigdata               bigdata      000000
__Lbigram                bigram       000000
__Lbss                   bss          000000
__Lcinit                 cinit        000000
__Lclrtext               clrtext      000000
__Lcomram                comram       000000
__Lconfig                config       300000
__Lconst                 const        000000
__LcstackCOMRAM          cstackCOMRAM 000000
__Ldata                  data         000000
__Leeprom_data           eeprom_data  000000
__Lend_init              end_init     000002
__Lfarbss                farbss       000000
__Lfardata               fardata      000000
__Libigdata              ibigdata     000000
__Lidata                 idata        000000
__Lidloc                 idloc        000000
__Lifardata              ifardata     000000
__Linit                  init         000002
__Lintcode               intcode      000002
__Lintcode_body          intcode_body 000000
__Lintcodelo             intcodelo    000002
__Lintentry              intentry     000000
__Lintret                intret       000000
__Lintsave_regs          intsave_regs 000000
__Lirdata                irdata       000000
__Lmediumconst           mediumconst  00720E
__Lnvbit                 nvbit        000000
__Lnvrram                nvrram       000000
__Lparam                 rparam       000000
__Lpowerup               powerup      000002
__Lram                   ram          000000
__Lramtop                ramtop       000600
__Lrbit                  rbit         000000
__Lrbss                  rbss         000000
__Lrdata                 rdata        000000
__Lreset_vec             reset_vec    000000
__Lrparam                rparam       000000
__Lsfr                   sfr          000000
__Lsmallconst            smallconst   000000
__Lstruct                struct       000000
__Ltemp                  temp         000000
__Ltext                  text         000000
__Ltext0                 text0        000000
__Ltext1                 text1        000000
__Ltext2                 text2        000000
__Ltext3                 text3        000000
__Ltext4                 text4        000000
__Ltext5                 text5        000000
__Ltext6                 text6        000000
__Ltext7                 text7        000000
__S0                     (abs)        30000E
__S1                     (abs)        000037
___IT                    (abs)        000101
__accesstop              (abs)        000080
__activetblptr           (abs)        000002
__end_of_lcd_clear       text2        006816
__end_of_lcd_comm        text6        00674A
__end_of_lcd_data        text5        006778
__end_of_lcd_init        text1        006E96
__end_of_lcd_putc_big    text3        00720E
__end_of_lcd_wr_byte     text7        006BB4
__end_of_lcd_wr_ni_byte  text4        0068D8
__end_of_main            text0        006A3E
__mediumconst            mediumconst  00720E
__pcinit                 cinit        006712
__pcstackCOMRAM          cstackCOMRAM 000001
__pmediumconst           mediumconst  00720E
__ptext0                 text0        0068D8
__ptext1                 text1        006BB4
__ptext2                 text2        006778
__ptext3                 text3        006E96
__ptext4                 text4        006816
__ptext5                 text5        00674A
__ptext6                 text6        00671C
__ptext7                 text7        006A3E
__ramtop                 ramtop       000600
__size_of_lcd_clear      (abs)        000000
__size_of_lcd_comm       (abs)        000000
__size_of_lcd_data       (abs)        000000
__size_of_lcd_init       (abs)        000000
__size_of_lcd_putc_big   (abs)        000000
__size_of_lcd_wr_byte    (abs)        000000
__size_of_lcd_wr_ni_byte (abs)        000000
__size_of_main           (abs)        000000
__smallconst             smallconst   000000
_big0                    mediumconst  007A6E
_big1                    mediumconst  007AAE
_big2                    mediumconst  007AEE
_big3                    mediumconst  007B2E
_big4                    mediumconst  007B6E
_big5                    mediumconst  007BAE
_big6                    mediumconst  007BEE
_big7                    mediumconst  007C2E
_big8                    mediumconst  007C6E
_big9                    mediumconst  007CAE
_chars                   mediumconst  00720E
_dw                      mediumconst  007CEE
_lcd_clear               text2        006778
_lcd_comm                text6        00671C
_lcd_data                text5        00674A
_lcd_init                text1        006BB4
_lcd_putc_big            text3        006E96
_lcd_wr_byte             text7        006A3E
_lcd_wr_ni_byte          text4        006816
_main                    text0        0068D8
_pic                     mediumconst  00766E
end_of_initialization    cinit        006712
intlevel0                text         000000
intlevel1                text         000000
intlevel2                text         000000
intlevel3                text         000000
lcd_clear@x              cstackCOMRAM 000010
lcd_clear@y              cstackCOMRAM 000011
lcd_comm@command         cstackCOMRAM 00000C
lcd_comm@i               cstackCOMRAM 00000D
lcd_data@data            cstackCOMRAM 00000C
lcd_data@i               cstackCOMRAM 00000D
lcd_init@a               cstackCOMRAM 000012
lcd_init@a_168           cstackCOMRAM 000018
lcd_init@a_173           cstackCOMRAM 000022
lcd_init@a_177           cstackCOMRAM 00002A
lcd_init@a_179           cstackCOMRAM 00002E
lcd_init@a_181           cstackCOMRAM 000032
lcd_init@i               cstackCOMRAM 000010
lcd_init@i_166           cstackCOMRAM 000014
lcd_init@i_167           cstackCOMRAM 000016
lcd_init@i_169           cstackCOMRAM 00001A
lcd_init@i_170           cstackCOMRAM 00001C
lcd_init@i_171           cstackCOMRAM 00001E
lcd_init@i_172           cstackCOMRAM 000020
lcd_init@i_174           cstackCOMRAM 000024
lcd_init@i_175           cstackCOMRAM 000026
lcd_init@i_176           cstackCOMRAM 000028
lcd_init@i_178           cstackCOMRAM 00002C
lcd_init@i_180           cstackCOMRAM 000030
lcd_putc_big@ch          cstackCOMRAM 000011
lcd_putc_big@column      cstackCOMRAM 000010
lcd_putc_big@i           cstackCOMRAM 000019
lcd_putc_big@k           cstackCOMRAM 000018
lcd_putc_big@line        cstackCOMRAM 00000F
lcd_putc_big@row         cstackCOMRAM 000017
lcd_wr_byte@command      cstackCOMRAM 000001
lcd_wr_byte@i            cstackCOMRAM 000004
lcd_wr_byte@i_150        cstackCOMRAM 000006
lcd_wr_byte@i_151        cstackCOMRAM 000008
lcd_wr_byte@i_152        cstackCOMRAM 00000A
lcd_wr_ni_byte@command   cstackCOMRAM 000001
lcd_wr_ni_byte@i         cstackCOMRAM 000004
lcd_wr_ni_byte@i_156     cstackCOMRAM 000006
start                    init         000002
start_initialization     cinit        006712
