HI-TECH Software PICC-18 Compiler V9.80 ()

Linker command line:

--edf=C:\Program Files\HI-TECH Software\PICC-18\9.80\dat\en_msgs.txt -cs \
  -h+dist/default/production\ST7920_128x64.production.sym -z -Q18F2520 \
  -ol.obj -Mdist/default/production/ST7920_128x64.production.map -E1 \
  -ver=PICC-18 -ACODE=00h-07FFFh -ACONST=00h-07FFFh \
  -ASMALLCONST=0600h-06FFhx122 -AMEDIUMCONST=0600h-07FFFh -ACOMRAM=01h-07Fh \
  -AABS1=00h-05FFh -ABIGRAM=01h-05FFh -ARAM=080h-0FFh,0100h-01FFhx5 \
  -ABANK0=080h-0FFh -ABANK1=0100h-01FFh -ABANK2=0200h-02FFh \
  -ABANK3=0300h-03FFh -ABANK4=0400h-04FFh -ABANK5=0500h-05FFh \
  -ASFR=0F80h-0FFFh -preset_vec=00h,intcode,intcodelo,powerup,init,end_init \
  -pramtop=0600h -psmallconst=SMALLCONST -pmediumconst=MEDIUMCONST \
  -pconst=CONST -AFARRAM=00h-00h -ACONFIG=0300000h-030000Dh -pconfig=CONFIG \
  -AIDLOC=0200000h-0200007h -pidloc=IDLOC -AEEDATA=0F00000h-0F000FFh \
  -peeprom_data=EEDATA \
  -prdata=COMRAM,nvrram=COMRAM,nvbit=COMRAM,rbss=COMRAM,rbit=COMRAM \
  -pfarbss=FARRAM,fardata=FARRAM \
  -pintsave_regs=BIGRAM,bigbss=BIGRAM,bigdata=BIGRAM -pbss=RAM \
  -pidata=CODE,irdata=CODE,ibigdata=CODE,ifardata=CODE \
  C:\DOCUME~1\VOLKOD~1\LOCALS~1\Temp\s2bg.obj \
  dist/default/production\ST7920_128x64.production.obj 

Object code version is 3.10

Machine type is 18F2520

Call graph: (short form)




                Name          Link     Load   Length Selector   Space       Scale
C:\DOCUME~1\VOLKOD~1\LOCALS~1\Temp\s2bg.obj
                end_init         0        0        4       0     0
                config      300000   300000        E  300000     0
dist/default/production\ST7920_128x64.production.obj
                mediumcon     74A2     74A2      B5E    3A51     0
                text9         65FA     65FA      180    32FD     0
                text8         6458     6458       38    322C     0
                text7         6420     6420       38    3210     0
                text6         652E     652E       CC    3297     0
                text5         677A     677A      19E    33BD     0
                text4         6DF4     6DF4      336    36FA     0
                text3         712A     712A      378    3895     0
                text2         6490     6490       9E    3248     0
                text1         6B12     6B12      2E2    3589     0
                text0         6918     6918      1FA    348C     0
                cstackCOM        1        1       3E       1     1
                cinit         6416     6416        A    320B     0

TOTAL           Name          Link     Load   Length     Space
        CLASS   CODE           
                end_init         0        0        4     0
                text9         65FA     65FA      180     0
                text8         6458     6458       38     0
                text7         6420     6420       38     0
                text6         652E     652E       CC     0
                text5         677A     677A      19E     0
                text4         6DF4     6DF4      336     0
                text3         712A     712A      378     0
                text2         6490     6490       9E     0
                text1         6B12     6B12      2E2     0
                text0         6918     6918      1FA     0
                cinit         6416     6416        A     0

        CLASS   CONST          

        CLASS   SMALLCONST     

        CLASS   MEDIUMCONST    
                mediumcon     74A2     74A2      B5E     0

        CLASS   COMRAM         
                cstackCOM        1        1       3E     1

        CLASS   ABS1           

        CLASS   BIGRAM         

        CLASS   RAM            

        CLASS   BANK0          

        CLASS   BANK1          

        CLASS   BANK2          

        CLASS   BANK3          

        CLASS   BANK4          

        CLASS   BANK5          

        CLASS   SFR            

        CLASS   FARRAM         

        CLASS   CONFIG         
                config      300000   300000        E     0

        CLASS   IDLOC          

        CLASS   EEDATA         



SEGMENTS        Name            Load    Length   Top    Selector   Space  Class

                reset_vec       000000  000004  000004         0       0  CODE    
                cstackCOMRAM    000001  00003E  00003F         1       1  COMRAM  
                cinit           006416  00000A  006420      320B       0  CODE    
                text7           006420  000038  006458      3210       0  CODE    
                text8           006458  000038  006490      322C       0  CODE    
                text2           006490  00009E  00652E      3248       0  CODE    
                text6           00652E  0000CC  0065FA      3297       0  CODE    
                text9           0065FA  000180  00677A      32FD       0  CODE    
                text5           00677A  00019E  006918      33BD       0  CODE    
                text0           006918  0001FA  006B12      348C       0  CODE    
                text1           006B12  0002E2  006DF4      3589       0  CODE    
                text4           006DF4  000336  00712A      36FA       0  CODE    
                text3           00712A  000378  0074A2      3895       0  CODE    
                mediumconst     0074A2  000B5E  008000      3A51       0  MEDIUMCO
                config          300000  00000E  30000E    300000       0  CONFIG  


UNUSED ADDRESS RANGES

        Name                Unused          Largest block    Delta
        BANK0            000080-0000FF               80
        BANK1            000100-0001FF              100
        BANK2            000200-0002FF              100
        BANK3            000300-0003FF              100
        BANK4            000400-0004FF              100
        BANK5            000500-0005FF              100
        BIGRAM           00003F-0005FF              5C1
        CODE             000004-006415             6412
        COMRAM           00003F-00007F               41
        CONST            000004-006415             6412
        EEDATA           F00000-F000FF              100
        IDLOC            200000-200007                8
        MEDIUMCONST      000600-006415             5E16
        RAM              000080-0005FF              100
        SFR              000F80-000FFF               80
        SMALLCONST       000600-006415              100

                                  Symbol Table

??_lcd_clear             cstackCOMRAM 00000F
??_lcd_comm              cstackCOMRAM 00000D
??_lcd_data              cstackCOMRAM 00000D
??_lcd_image             cstackCOMRAM 000011
??_lcd_init              cstackCOMRAM 00000F
??_lcd_putc_big          cstackCOMRAM 000012
??_lcd_puts              cstackCOMRAM 000012
??_lcd_wr_byte           cstackCOMRAM 000002
??_lcd_wr_ni_byte        cstackCOMRAM 000002
??_main                  cstackCOMRAM 000034
?_lcd_clear              cstackCOMRAM 000001
?_lcd_comm               cstackCOMRAM 00000C
?_lcd_data               cstackCOMRAM 00000C
?_lcd_image              cstackCOMRAM 00000F
?_lcd_init               cstackCOMRAM 000001
?_lcd_putc_big           cstackCOMRAM 00000F
?_lcd_puts               cstackCOMRAM 00000F
?_lcd_wr_byte            cstackCOMRAM 000001
?_lcd_wr_ni_byte         cstackCOMRAM 000001
?_main                   cstackCOMRAM 000001
_LATA                    (abs)        000F89
_LATB                    (abs)        000F8A
_LATBbits                (abs)        000F8A
_LATC                    (abs)        000F8B
_PORTA                   (abs)        000F80
_PORTB                   (abs)        000F81
_PORTC                   (abs)        000F82
_TRISA                   (abs)        000F92
_TRISB                   (abs)        000F93
_TRISB4                  (abs)        007C9C
_TRISB5                  (abs)        007C9D
_TRISB6                  (abs)        007C9E
_TRISB7                  (abs)        007C9F
_TRISC                   (abs)        000F94
__CFG_BOREN$ON           (abs)        000000
__CFG_BORV$2             (abs)        000000
__CFG_CCP2MX$PORTC       (abs)        000000
__CFG_CP0$OFF            (abs)        000000
__CFG_CP1$OFF            (abs)        000000
__CFG_CP2$OFF            (abs)        000000
__CFG_CP3$OFF            (abs)        000000
__CFG_CPB$OFF            (abs)        000000
__CFG_CPD$OFF            (abs)        000000
__CFG_DEBUG$OFF          (abs)        000000
__CFG_EBTR0$OFF          (abs)        000000
__CFG_EBTR1$OFF          (abs)        000000
__CFG_EBTR2$OFF          (abs)        000000
__CFG_EBTR3$OFF          (abs)        000000
__CFG_EBTRB$OFF          (abs)        000000
__CFG_FCMEN$OFF          (abs)        000000
__CFG_IESO$OFF           (abs)        000000
__CFG_LPT1OSC$OFF        (abs)        000000
__CFG_LVP$OFF            (abs)        000000
__CFG_MCLRE$ON           (abs)        000000
__CFG_OSC$HS             (abs)        000000
__CFG_PBADEN$ON          (abs)        000000
__CFG_PWRT$ON            (abs)        000000
__CFG_STVREN$ON          (abs)        000000
__CFG_WDT$OFF            (abs)        000000
__CFG_WDTPS$32768        (abs)        000000
__CFG_WRT0$OFF           (abs)        000000
__CFG_WRT1$OFF           (abs)        000000
__CFG_WRT2$OFF           (abs)        000000
__CFG_WRT3$OFF           (abs)        000000
__CFG_WRTB$OFF           (abs)        000000
__CFG_WRTC$OFF           (abs)        000000
__CFG_WRTD$OFF           (abs)        000000
__CFG_XINST$OFF          (abs)        000000
__HRAM                   (abs)        000000
__Habs1                  abs1         000000
__Hbank0                 bank0        000000
__Hbank1                 bank1        000000
__Hbank2                 bank2        000000
__Hbank3                 bank3        000000
__Hbank4                 bank4        000000
__Hbank5                 bank5        000000
__Hbigbss                bigbss       000000
__Hbigdata               bigdata      000000
__Hbigram                bigram       000000
__Hbss                   bss          000000
__Hcinit                 cinit        000000
__Hclrtext               clrtext      000000
__Hcomram                comram       000000
__Hconfig                config       30000E
__Hconst                 const        000000
__HcstackCOMRAM          cstackCOMRAM 000000
__Hdata                  data         000000
__Heeprom_data           eeprom_data  000000
__Hend_init              end_init     000004
__Hfarbss                farbss       000000
__Hfardata               fardata      000000
__Hibigdata              ibigdata     000000
__Hidata                 idata        000000
__Hidloc                 idloc        000000
__Hifardata              ifardata     000000
__Hinit                  init         000000
__Hintcode               intcode      000000
__Hintcode_body          intcode_body 000000
__Hintcodelo             intcodelo    000000
__Hintentry              intentry     000000
__Hintret                intret       000000
__Hintsave_regs          intsave_regs 000000
__Hirdata                irdata       000000
__Hmediumconst           mediumconst  008000
__Hnvbit                 nvbit        000000
__Hnvrram                nvrram       000000
__Hparam                 rparam       000000
__Hpowerup               powerup      000000
__Hram                   ram          000000
__Hramtop                ramtop       000600
__Hrbit                  rbit         000000
__Hrbss                  rbss         000000
__Hrdata                 rdata        000000
__Hreset_vec             reset_vec    000000
__Hrparam                rparam       000000
__Hsfr                   sfr          000000
__Hsmallconst            smallconst   000000
__Hstruct                struct       000000
__Htemp                  temp         000000
__Htext                  text         000000
__Htext0                 text0        000000
__Htext1                 text1        000000
__Htext2                 text2        000000
__Htext3                 text3        000000
__Htext4                 text4        000000
__Htext5                 text5        000000
__Htext6                 text6        000000
__Htext7                 text7        000000
__Htext8                 text8        000000
__Htext9                 text9        000000
__LRAM                   (abs)        000001
__Labs1                  abs1         000000
__Lbank0                 bank0        000000
__Lbank1                 bank1        000000
__Lbank2                 bank2        000000
__Lbank3                 bank3        000000
__Lbank4                 bank4        000000
__Lbank5                 bank5        000000
__Lbigbss                bigbss       000000
__Lbigdata               bigdata      000000
__Lbigram                bigram       000000
__Lbss                   bss          000000
__Lcinit                 cinit        000000
__Lclrtext               clrtext      000000
__Lcomram                comram       000000
__Lconfig                config       300000
__Lconst                 const        000000
__LcstackCOMRAM          cstackCOMRAM 000000
__Ldata                  data         000000
__Leeprom_data           eeprom_data  000000
__Lend_init              end_init     000000
__Lfarbss                farbss       000000
__Lfardata               fardata      000000
__Libigdata              ibigdata     000000
__Lidata                 idata        000000
__Lidloc                 idloc        000000
__Lifardata              ifardata     000000
__Linit                  init         000000
__Lintcode               intcode      000000
__Lintcode_body          intcode_body 000000
__Lintcodelo             intcodelo    000000
__Lintentry              intentry     000000
__Lintret                intret       000000
__Lintsave_regs          intsave_regs 000000
__Lirdata                irdata       000000
__Lmediumconst           mediumconst  0074A2
__Lnvbit                 nvbit        000000
__Lnvrram                nvrram       000000
__Lparam                 rparam       000000
__Lpowerup               powerup      000000
__Lram                   ram          000000
__Lramtop                ramtop       000600
__Lrbit                  rbit         000000
__Lrbss                  rbss         000000
__Lrdata                 rdata        000000
__Lreset_vec             reset_vec    000000
__Lrparam                rparam       000000
__Lsfr                   sfr          000000
__Lsmallconst            smallconst   000000
__Lstruct                struct       000000
__Ltemp                  temp         000000
__Ltext                  text         000000
__Ltext0                 text0        000000
__Ltext1                 text1        000000
__Ltext2                 text2        000000
__Ltext3                 text3        000000
__Ltext4                 text4        000000
__Ltext5                 text5        000000
__Ltext6                 text6        000000
__Ltext7                 text7        000000
__Ltext8                 text8        000000
__Ltext9                 text9        000000
__S0                     (abs)        30000E
__S1                     (abs)        00003F
__accesstop              (abs)        000080
__activetblptr           (abs)        000002
__end_of_lcd_clear       text2        00652E
__end_of_lcd_comm        text8        006490
__end_of_lcd_data        text7        006458
__end_of_lcd_image       text5        006918
__end_of_lcd_init        text1        006DF4
__end_of_lcd_putc_big    text3        0074A2
__end_of_lcd_puts        text4        00712A
__end_of_lcd_wr_byte     text9        00677A
__end_of_lcd_wr_ni_byte  text6        0065FA
__end_of_main            text0        006B12
__mediumconst            mediumconst  0074A2
__pcinit                 cinit        006416
__pcstackCOMRAM          cstackCOMRAM 000001
__pmediumconst           mediumconst  0074A2
__ptext0                 text0        006918
__ptext1                 text1        006B12
__ptext2                 text2        006490
__ptext3                 text3        00712A
__ptext4                 text4        006DF4
__ptext5                 text5        00677A
__ptext6                 text6        00652E
__ptext7                 text7        006420
__ptext8                 text8        006458
__ptext9                 text9        0065FA
__ramtop                 ramtop       000600
__size_of_lcd_clear      (abs)        000000
__size_of_lcd_comm       (abs)        000000
__size_of_lcd_data       (abs)        000000
__size_of_lcd_image      (abs)        000000
__size_of_lcd_init       (abs)        000000
__size_of_lcd_putc_big   (abs)        000000
__size_of_lcd_puts       (abs)        000000
__size_of_lcd_wr_byte    (abs)        000000
__size_of_lcd_wr_ni_byte (abs)        000000
__size_of_main           (abs)        000000
__smallconst             smallconst   000000
_big0                    mediumconst  007902
_big1                    mediumconst  007942
_big2                    mediumconst  007982
_big3                    mediumconst  0079C2
_big4                    mediumconst  007A02
_big5                    mediumconst  007A42
_big6                    mediumconst  007A82
_big7                    mediumconst  007AC2
_big8                    mediumconst  007B02
_big9                    mediumconst  007B42
_chars                   mediumconst  0074A2
_dw                      mediumconst  007B82
_lcd_clear               text2        006490
_lcd_comm                text8        006458
_lcd_data                text7        006420
_lcd_image               text5        00677A
_lcd_init                text1        006B12
_lcd_putc_big            text3        00712A
_lcd_puts                text4        006DF4
_lcd_wr_byte             text9        0065FA
_lcd_wr_ni_byte          text6        00652E
_main                    text0        006918
_pic                     mediumconst  007BC2
end_of_initialization    cinit        006416
intlevel0                text         000000
intlevel1                text         000000
intlevel2                text         000000
intlevel3                text         000000
lcd_clear@x              cstackCOMRAM 000010
lcd_clear@y              cstackCOMRAM 000011
lcd_comm@command         cstackCOMRAM 00000C
lcd_comm@i               cstackCOMRAM 00000D
lcd_data@data            cstackCOMRAM 00000C
lcd_data@i               cstackCOMRAM 00000D
lcd_image@graphic        cstackCOMRAM 00000F
lcd_image@x              cstackCOMRAM 000018
lcd_image@y              cstackCOMRAM 000017
lcd_init@a               cstackCOMRAM 000012
lcd_init@a_191           cstackCOMRAM 000018
lcd_init@a_196           cstackCOMRAM 000022
lcd_init@a_200           cstackCOMRAM 00002A
lcd_init@a_202           cstackCOMRAM 00002E
lcd_init@a_204           cstackCOMRAM 000032
lcd_init@i               cstackCOMRAM 000010
lcd_init@i_189           cstackCOMRAM 000014
lcd_init@i_190           cstackCOMRAM 000016
lcd_init@i_192           cstackCOMRAM 00001A
lcd_init@i_193           cstackCOMRAM 00001C
lcd_init@i_194           cstackCOMRAM 00001E
lcd_init@i_195           cstackCOMRAM 000020
lcd_init@i_197           cstackCOMRAM 000024
lcd_init@i_198           cstackCOMRAM 000026
lcd_init@i_199           cstackCOMRAM 000028
lcd_init@i_201           cstackCOMRAM 00002C
lcd_init@i_203           cstackCOMRAM 000030
lcd_putc_big@ch          cstackCOMRAM 000011
lcd_putc_big@column      cstackCOMRAM 000010
lcd_putc_big@i           cstackCOMRAM 000019
lcd_putc_big@k           cstackCOMRAM 000018
lcd_putc_big@line        cstackCOMRAM 00000F
lcd_putc_big@row         cstackCOMRAM 000017
lcd_puts@colInd          cstackCOMRAM 000028
lcd_puts@colListA        cstackCOMRAM 000015
lcd_puts@colListB        cstackCOMRAM 00001A
lcd_puts@count           cstackCOMRAM 000020
lcd_puts@dataA           cstackCOMRAM 000023
lcd_puts@dataB           cstackCOMRAM 000024
lcd_puts@indA            cstackCOMRAM 000025
lcd_puts@indB            cstackCOMRAM 000026
lcd_puts@letterA         cstackCOMRAM 000021
lcd_puts@letterB         cstackCOMRAM 000022
lcd_puts@line            cstackCOMRAM 00000F
lcd_puts@next            cstackCOMRAM 00001F
lcd_puts@row             cstackCOMRAM 000027
lcd_puts@str             cstackCOMRAM 000010
lcd_wr_byte@command      cstackCOMRAM 000001
lcd_wr_byte@i            cstackCOMRAM 000004
lcd_wr_byte@i_173        cstackCOMRAM 000006
lcd_wr_byte@i_174        cstackCOMRAM 000008
lcd_wr_byte@i_175        cstackCOMRAM 00000A
lcd_wr_ni_byte@command   cstackCOMRAM 000001
lcd_wr_ni_byte@i         cstackCOMRAM 000004
lcd_wr_ni_byte@i_179     cstackCOMRAM 000006
main@a                   cstackCOMRAM 000039
main@a_65                cstackCOMRAM 00003D
main@i                   cstackCOMRAM 000037
main@i_64                cstackCOMRAM 00003B
start                    init         000000
start_initialization     cinit        006416
