Archive member included because of file (symbol)

c:/winavr/bin/../lib/gcc/avr/4.3.3/avr5\libgcc.a(_exit.o)
                              c:/winavr/bin/../lib/gcc/avr/4.3.3/../../../../avr/lib/avr5/crtm16.o (exit)
c:/winavr/bin/../lib/gcc/avr/4.3.3/avr5\libgcc.a(_copy_data.o)
                              TestingWGLCD.o (__do_copy_data)

Memory Configuration

Name             Origin             Length             Attributes
text             0x00000000         0x00020000         xr
data             0x00800060         0x0000ffa0         rw !x
eeprom           0x00810000         0x00010000         rw !x
fuse             0x00820000         0x00000400         rw !x
lock             0x00830000         0x00000400         rw !x
signature        0x00840000         0x00000400         rw !x
*default*        0x00000000         0xffffffff

Linker script and memory map

LOAD c:/winavr/bin/../lib/gcc/avr/4.3.3/../../../../avr/lib/avr5/crtm16.o
LOAD TestingWGLCD.o
LOAD LCD_wg128.o
LOAD c:/winavr/bin/../lib/gcc/avr/4.3.3/avr5\libgcc.a
LOAD c:/winavr/bin/../lib/gcc/avr/4.3.3/../../../../avr/lib/avr5\libc.a
LOAD c:/winavr/bin/../lib/gcc/avr/4.3.3/avr5\libgcc.a

.hash
 *(.hash)

.dynsym
 *(.dynsym)

.dynstr
 *(.dynstr)

.gnu.version
 *(.gnu.version)

.gnu.version_d
 *(.gnu.version_d)

.gnu.version_r
 *(.gnu.version_r)

.rel.init
 *(.rel.init)

.rela.init
 *(.rela.init)

.rel.text
 *(.rel.text)
 *(.rel.text.*)
 *(.rel.gnu.linkonce.t*)

.rela.text
 *(.rela.text)
 *(.rela.text.*)
 *(.rela.gnu.linkonce.t*)

.rel.fini
 *(.rel.fini)

.rela.fini
 *(.rela.fini)

.rel.rodata
 *(.rel.rodata)
 *(.rel.rodata.*)
 *(.rel.gnu.linkonce.r*)

.rela.rodata
 *(.rela.rodata)
 *(.rela.rodata.*)
 *(.rela.gnu.linkonce.r*)

.rel.data
 *(.rel.data)
 *(.rel.data.*)
 *(.rel.gnu.linkonce.d*)

.rela.data
 *(.rela.data)
 *(.rela.data.*)
 *(.rela.gnu.linkonce.d*)

.rel.ctors
 *(.rel.ctors)

.rela.ctors
 *(.rela.ctors)

.rel.dtors
 *(.rel.dtors)

.rela.dtors
 *(.rela.dtors)

.rel.got
 *(.rel.got)

.rela.got
 *(.rela.got)

.rel.bss
 *(.rel.bss)

.rela.bss
 *(.rela.bss)

.rel.plt
 *(.rel.plt)

.rela.plt
 *(.rela.plt)

.text           0x00000000      0x79e
 *(.vectors)
 .vectors       0x00000000       0x54 c:/winavr/bin/../lib/gcc/avr/4.3.3/../../../../avr/lib/avr5/crtm16.o
                0x00000000                __vectors
                0x00000000                __vector_default
 *(.vectors)
 *(.progmem.gcc*)
 *(.progmem*)
 .progmem.data  0x00000054      0x320 LCD_wg128.o
                0x00000054                symboltable
                0x00000374                . = ALIGN (0x2)
                0x00000374                __trampolines_start = .
 *(.trampolines)
 .trampolines   0x00000374        0x0 linker stubs
 *(.trampolines*)
                0x00000374                __trampolines_end = .
 *(.jumptables)
 *(.jumptables*)
 *(.lowtext)
 *(.lowtext*)
                0x00000374                __ctors_start = .
 *(.ctors)
                0x00000374                __ctors_end = .
                0x00000374                __dtors_start = .
 *(.dtors)
                0x00000374                __dtors_end = .
 SORT(*)(.ctors)
 SORT(*)(.dtors)
 *(.init0)
 .init0         0x00000374        0x0 c:/winavr/bin/../lib/gcc/avr/4.3.3/../../../../avr/lib/avr5/crtm16.o
                0x00000374                __init
 *(.init0)
 *(.init1)
 *(.init1)
 *(.init2)
 .init2         0x00000374        0xc c:/winavr/bin/../lib/gcc/avr/4.3.3/../../../../avr/lib/avr5/crtm16.o
 *(.init2)
 *(.init3)
 *(.init3)
 *(.init4)
 .init4         0x00000380       0x16 c:/winavr/bin/../lib/gcc/avr/4.3.3/avr5\libgcc.a(_copy_data.o)
                0x00000380                __do_copy_data
 *(.init4)
 *(.init5)
 *(.init5)
 *(.init6)
 *(.init6)
 *(.init7)
 *(.init7)
 *(.init8)
 *(.init8)
 *(.init9)
 .init9         0x00000396        0x8 c:/winavr/bin/../lib/gcc/avr/4.3.3/../../../../avr/lib/avr5/crtm16.o
 *(.init9)
 *(.text)
 .text          0x0000039e        0x4 c:/winavr/bin/../lib/gcc/avr/4.3.3/../../../../avr/lib/avr5/crtm16.o
                0x0000039e                __vector_1
                0x0000039e                __vector_12
                0x0000039e                __bad_interrupt
                0x0000039e                __vector_6
                0x0000039e                __vector_3
                0x0000039e                __vector_11
                0x0000039e                __vector_13
                0x0000039e                __vector_17
                0x0000039e                __vector_19
                0x0000039e                __vector_7
                0x0000039e                __vector_5
                0x0000039e                __vector_4
                0x0000039e                __vector_9
                0x0000039e                __vector_2
                0x0000039e                __vector_15
                0x0000039e                __vector_8
                0x0000039e                __vector_14
                0x0000039e                __vector_10
                0x0000039e                __vector_16
                0x0000039e                __vector_18
                0x0000039e                __vector_20
 .text          0x000003a2       0x26 TestingWGLCD.o
                0x000003a2                main
 .text          0x000003c8      0x3d2 LCD_wg128.o
                0x00000748                LCD_INIT
                0x000003c8                LCD_WR_COM
                0x00000456                LCD_WR_DATA
                0x0000066e                BLOCK
                0x000004e4                LCD_FILL
                0x00000702                LCD_putc
                0x000005e0                PIXEL
                0x0000051c                LCD_RD_DATA
 .text          0x0000079a        0x0 c:/winavr/bin/../lib/gcc/avr/4.3.3/avr5\libgcc.a(_exit.o)
 .text          0x0000079a        0x0 c:/winavr/bin/../lib/gcc/avr/4.3.3/avr5\libgcc.a(_copy_data.o)
                0x0000079a                . = ALIGN (0x2)
 *(.text.*)
 .text.libgcc   0x0000079a        0x0 c:/winavr/bin/../lib/gcc/avr/4.3.3/avr5\libgcc.a(_exit.o)
 .text.libgcc   0x0000079a        0x0 c:/winavr/bin/../lib/gcc/avr/4.3.3/avr5\libgcc.a(_copy_data.o)
                0x0000079a                . = ALIGN (0x2)
 *(.fini9)
 .fini9         0x0000079a        0x0 c:/winavr/bin/../lib/gcc/avr/4.3.3/avr5\libgcc.a(_exit.o)
                0x0000079a                exit
                0x0000079a                _exit
 *(.fini9)
 *(.fini8)
 *(.fini8)
 *(.fini7)
 *(.fini7)
 *(.fini6)
 *(.fini6)
 *(.fini5)
 *(.fini5)
 *(.fini4)
 *(.fini4)
 *(.fini3)
 *(.fini3)
 *(.fini2)
 *(.fini2)
 *(.fini1)
 *(.fini1)
 *(.fini0)
 .fini0         0x0000079a        0x4 c:/winavr/bin/../lib/gcc/avr/4.3.3/avr5\libgcc.a(_exit.o)
 *(.fini0)
                0x0000079e                _etext = .

.data           0x00800060       0x1c load address 0x0000079e
                0x00800060                PROVIDE (__data_start, .)
 *(.data)
 .data          0x00800060        0x0 c:/winavr/bin/../lib/gcc/avr/4.3.3/../../../../avr/lib/avr5/crtm16.o
 .data          0x00800060       0x1b TestingWGLCD.o
 .data          0x0080007b        0x0 LCD_wg128.o
 .data          0x0080007b        0x0 c:/winavr/bin/../lib/gcc/avr/4.3.3/avr5\libgcc.a(_exit.o)
 .data          0x0080007b        0x0 c:/winavr/bin/../lib/gcc/avr/4.3.3/avr5\libgcc.a(_copy_data.o)
 *(.data*)
 *(.rodata)
 *(.rodata*)
 *(.gnu.linkonce.d*)
                0x0080007c                . = ALIGN (0x2)
 *fill*         0x0080007b        0x1 00
                0x0080007c                _edata = .
                0x0080007c                PROVIDE (__data_end, .)

.bss            0x0080007c        0x0
                0x0080007c                PROVIDE (__bss_start, .)
 *(.bss)
 .bss           0x0080007c        0x0 c:/winavr/bin/../lib/gcc/avr/4.3.3/../../../../avr/lib/avr5/crtm16.o
 .bss           0x0080007c        0x0 TestingWGLCD.o
 .bss           0x0080007c        0x0 LCD_wg128.o
 .bss           0x0080007c        0x0 c:/winavr/bin/../lib/gcc/avr/4.3.3/avr5\libgcc.a(_exit.o)
 .bss           0x0080007c        0x0 c:/winavr/bin/../lib/gcc/avr/4.3.3/avr5\libgcc.a(_copy_data.o)
 *(.bss*)
 *(COMMON)
                0x0080007c                PROVIDE (__bss_end, .)
                0x0000079e                __data_load_start = LOADADDR (.data)
                0x000007ba                __data_load_end = (__data_load_start + SIZEOF (.data))

.noinit         0x0080007c        0x0
                0x0080007c                PROVIDE (__noinit_start, .)
 *(.noinit*)
                0x0080007c                PROVIDE (__noinit_end, .)
                0x0080007c                _end = .
                0x0080007c                PROVIDE (__heap_start, .)

.eeprom         0x00810000        0x0
 *(.eeprom*)
                0x00810000                __eeprom_end = .

.fuse
 *(.fuse)
 *(.lfuse)
 *(.hfuse)
 *(.efuse)

.lock
 *(.lock*)

.signature
 *(.signature*)

.stab
 *(.stab)

.stabstr
 *(.stabstr)

.stab.excl
 *(.stab.excl)

.stab.exclstr
 *(.stab.exclstr)

.stab.index
 *(.stab.index)

.stab.indexstr
 *(.stab.indexstr)

.comment
 *(.comment)

.debug
 *(.debug)

.line
 *(.line)

.debug_srcinfo
 *(.debug_srcinfo)

.debug_sfnames
 *(.debug_sfnames)

.debug_aranges  0x00000000       0x40
 *(.debug_aranges)
 .debug_aranges
                0x00000000       0x20 TestingWGLCD.o
 .debug_aranges
                0x00000020       0x20 LCD_wg128.o

.debug_pubnames
                0x00000000       0xa7
 *(.debug_pubnames)
 .debug_pubnames
                0x00000000       0x1b TestingWGLCD.o
 .debug_pubnames
                0x0000001b       0x8c LCD_wg128.o

.debug_info     0x00000000      0x476
 *(.debug_info)
 .debug_info    0x00000000       0x8d TestingWGLCD.o
 .debug_info    0x0000008d      0x3e9 LCD_wg128.o
 *(.gnu.linkonce.wi.*)

.debug_abbrev   0x00000000      0x1a1
 *(.debug_abbrev)
 .debug_abbrev  0x00000000       0x48 TestingWGLCD.o
 .debug_abbrev  0x00000048      0x159 LCD_wg128.o

.debug_line     0x00000000      0x45b
 *(.debug_line)
 .debug_line    0x00000000       0x8b TestingWGLCD.o
 .debug_line    0x0000008b      0x3d0 LCD_wg128.o

.debug_frame    0x00000000       0xb0
 *(.debug_frame)
 .debug_frame   0x00000000       0x20 TestingWGLCD.o
 .debug_frame   0x00000020       0x90 LCD_wg128.o

.debug_str      0x00000000      0x178
 *(.debug_str)
 .debug_str     0x00000000       0x96 TestingWGLCD.o
                                 0xcf (size before relaxing)
 .debug_str     0x00000096       0xe2 LCD_wg128.o
                                0x19a (size before relaxing)

.debug_loc      0x00000000      0x2b7
 *(.debug_loc)
 .debug_loc     0x00000000      0x2b7 LCD_wg128.o

.debug_macinfo
 *(.debug_macinfo)
OUTPUT(TestingWGLCD.elf elf32-avr)
LOAD linker stubs
