
AVRASM ver. 2.1.30  D:\###WORK###\##+SIN\SIN\List\SIN.asm Sat Nov 30 12:42:35 2013

D:\###WORK###\##+SIN\SIN\List\SIN.asm(1057): warning: Register r5 already defined by the .DEF directive
                 
                 
                 ;CodeVisionAVR C Compiler V2.05.0 Professional
                 ;(C) Copyright 1998-2010 Pavel Haiduc, HP InfoTech s.r.l.
                 ;http://www.hpinfotech.com
                 
                 ;Chip type                : ATmega8
                 ;Program type             : Application
                 ;Clock frequency          : 16,000000 MHz
                 ;Memory model             : Small
                 ;Optimize for             : Speed
                 ;(s)printf features       : int, width
                 ;(s)scanf features        : int, width
                 ;External RAM size        : 0
                 ;Data Stack size          : 256 byte(s)
                 ;Heap size                : 0 byte(s)
                 ;Promote 'char' to 'int'  : Yes
                 ;'char' is unsigned       : Yes
                 ;8 bit enums              : No
                 ;global 'const' stored in FLASH: Yes
                 ;Enhanced core instructions    : On
                 ;Smart register allocation     : On
                 ;Automatic register allocation : On
                 
                 	#pragma AVRPART ADMIN PART_NAME ATmega8
                 	#pragma AVRPART MEMORY PROG_FLASH 8192
                 	#pragma AVRPART MEMORY EEPROM 512
                 	#pragma AVRPART MEMORY INT_SRAM SIZE 1119
                 	#pragma AVRPART MEMORY INT_SRAM START_ADDR 0x60
                 
                 	.LISTMAC
                 	.EQU UDRE=0x5
                 	.EQU RXC=0x7
                 	.EQU USR=0xB
                 	.EQU UDR=0xC
                 	.EQU SPSR=0xE
                 	.EQU SPDR=0xF
                 	.EQU EERE=0x0
                 	.EQU EEWE=0x1
                 	.EQU EEMWE=0x2
                 	.EQU EECR=0x1C
                 	.EQU EEDR=0x1D
                 	.EQU EEARL=0x1E
                 	.EQU EEARH=0x1F
                 	.EQU WDTCR=0x21
                 	.EQU MCUCR=0x35
                 	.EQU GICR=0x3B
                 	.EQU SPL=0x3D
                 	.EQU SPH=0x3E
                 	.EQU SREG=0x3F
                 
                 	.DEF R0X0=R0
                 	.DEF R0X1=R1
                 	.DEF R0X2=R2
                 	.DEF R0X3=R3
                 	.DEF R0X4=R4
                 	.DEF R0X5=R5
                 	.DEF R0X6=R6
                 	.DEF R0X7=R7
                 	.DEF R0X8=R8
                 	.DEF R0X9=R9
                 	.DEF R0XA=R10
                 	.DEF R0XB=R11
                 	.DEF R0XC=R12
                 	.DEF R0XD=R13
                 	.DEF R0XE=R14
                 	.DEF R0XF=R15
                 	.DEF R0X10=R16
                 	.DEF R0X11=R17
                 	.DEF R0X12=R18
                 	.DEF R0X13=R19
                 	.DEF R0X14=R20
                 	.DEF R0X15=R21
                 	.DEF R0X16=R22
                 	.DEF R0X17=R23
                 	.DEF R0X18=R24
                 	.DEF R0X19=R25
                 	.DEF R0X1A=R26
                 	.DEF R0X1B=R27
                 	.DEF R0X1C=R28
                 	.DEF R0X1D=R29
                 	.DEF R0X1E=R30
                 	.DEF R0X1F=R31
                 
                 	.EQU __SRAM_START=0x0060
                 	.EQU __SRAM_END=0x045F
                 	.EQU __DSTACK_SIZE=0x0100
                 	.EQU __HEAP_SIZE=0x0000
                 	.EQU __CLEAR_SRAM_SIZE=__SRAM_END-__SRAM_START+1
                 
                 	.MACRO __CPD1N
                 	CPI  R30,LOW(@0)
                 	LDI  R26,HIGH(@0)
                 	CPC  R31,R26
                 	LDI  R26,BYTE3(@0)
                 	CPC  R22,R26
                 	LDI  R26,BYTE4(@0)
                 	CPC  R23,R26
                 	.ENDM
                 
                 	.MACRO __CPD2N
                 	CPI  R26,LOW(@0)
                 	LDI  R30,HIGH(@0)
                 	CPC  R27,R30
                 	LDI  R30,BYTE3(@0)
                 	CPC  R24,R30
                 	LDI  R30,BYTE4(@0)
                 	CPC  R25,R30
                 	.ENDM
                 
                 	.MACRO __CPWRR
                 	CP   R@0,R@2
                 	CPC  R@1,R@3
                 	.ENDM
                 
                 	.MACRO __CPWRN
                 	CPI  R@0,LOW(@2)
                 	LDI  R30,HIGH(@2)
                 	CPC  R@1,R30
                 	.ENDM
                 
                 	.MACRO __ADDB1MN
                 	SUBI R30,LOW(-@0-(@1))
                 	.ENDM
                 
                 	.MACRO __ADDB2MN
                 	SUBI R26,LOW(-@0-(@1))
                 	.ENDM
                 
                 	.MACRO __ADDW1MN
                 	SUBI R30,LOW(-@0-(@1))
                 	SBCI R31,HIGH(-@0-(@1))
                 	.ENDM
                 
                 	.MACRO __ADDW2MN
                 	SUBI R26,LOW(-@0-(@1))
                 	SBCI R27,HIGH(-@0-(@1))
                 	.ENDM
                 
                 	.MACRO __ADDW1FN
                 	SUBI R30,LOW(-2*@0-(@1))
                 	SBCI R31,HIGH(-2*@0-(@1))
                 	.ENDM
                 
                 	.MACRO __ADDD1FN
                 	SUBI R30,LOW(-2*@0-(@1))
                 	SBCI R31,HIGH(-2*@0-(@1))
                 	SBCI R22,BYTE3(-2*@0-(@1))
                 	.ENDM
                 
                 	.MACRO __ADDD1N
                 	SUBI R30,LOW(-@0)
                 	SBCI R31,HIGH(-@0)
                 	SBCI R22,BYTE3(-@0)
                 	SBCI R23,BYTE4(-@0)
                 	.ENDM
                 
                 	.MACRO __ADDD2N
                 	SUBI R26,LOW(-@0)
                 	SBCI R27,HIGH(-@0)
                 	SBCI R24,BYTE3(-@0)
                 	SBCI R25,BYTE4(-@0)
                 	.ENDM
                 
                 	.MACRO __SUBD1N
                 	SUBI R30,LOW(@0)
                 	SBCI R31,HIGH(@0)
                 	SBCI R22,BYTE3(@0)
                 	SBCI R23,BYTE4(@0)
                 	.ENDM
                 
                 	.MACRO __SUBD2N
                 	SUBI R26,LOW(@0)
                 	SBCI R27,HIGH(@0)
                 	SBCI R24,BYTE3(@0)
                 	SBCI R25,BYTE4(@0)
                 	.ENDM
                 
                 	.MACRO __ANDBMNN
                 	LDS  R30,@0+(@1)
                 	ANDI R30,LOW(@2)
                 	STS  @0+(@1),R30
                 	.ENDM
                 
                 	.MACRO __ANDWMNN
                 	LDS  R30,@0+(@1)
                 	ANDI R30,LOW(@2)
                 	STS  @0+(@1),R30
                 	LDS  R30,@0+(@1)+1
                 	ANDI R30,HIGH(@2)
                 	STS  @0+(@1)+1,R30
                 	.ENDM
                 
                 	.MACRO __ANDD1N
                 	ANDI R30,LOW(@0)
                 	ANDI R31,HIGH(@0)
                 	ANDI R22,BYTE3(@0)
                 	ANDI R23,BYTE4(@0)
                 	.ENDM
                 
                 	.MACRO __ANDD2N
                 	ANDI R26,LOW(@0)
                 	ANDI R27,HIGH(@0)
                 	ANDI R24,BYTE3(@0)
                 	ANDI R25,BYTE4(@0)
                 	.ENDM
                 
                 	.MACRO __ORBMNN
                 	LDS  R30,@0+(@1)
                 	ORI  R30,LOW(@2)
                 	STS  @0+(@1),R30
                 	.ENDM
                 
                 	.MACRO __ORWMNN
                 	LDS  R30,@0+(@1)
                 	ORI  R30,LOW(@2)
                 	STS  @0+(@1),R30
                 	LDS  R30,@0+(@1)+1
                 	ORI  R30,HIGH(@2)
                 	STS  @0+(@1)+1,R30
                 	.ENDM
                 
                 	.MACRO __ORD1N
                 	ORI  R30,LOW(@0)
                 	ORI  R31,HIGH(@0)
                 	ORI  R22,BYTE3(@0)
                 	ORI  R23,BYTE4(@0)
                 	.ENDM
                 
                 	.MACRO __ORD2N
                 	ORI  R26,LOW(@0)
                 	ORI  R27,HIGH(@0)
                 	ORI  R24,BYTE3(@0)
                 	ORI  R25,BYTE4(@0)
                 	.ENDM
                 
                 	.MACRO __DELAY_USB
                 	LDI  R24,LOW(@0)
                 __DELAY_USB_LOOP:
                 	DEC  R24
                 	BRNE __DELAY_USB_LOOP
                 	.ENDM
                 
                 	.MACRO __DELAY_USW
                 	LDI  R24,LOW(@0)
                 	LDI  R25,HIGH(@0)
                 __DELAY_USW_LOOP:
                 	SBIW R24,1
                 	BRNE __DELAY_USW_LOOP
                 	.ENDM
                 
                 	.MACRO __GETD1S
                 	LDD  R30,Y+@0
                 	LDD  R31,Y+@0+1
                 	LDD  R22,Y+@0+2
                 	LDD  R23,Y+@0+3
                 	.ENDM
                 
                 	.MACRO __GETD2S
                 	LDD  R26,Y+@0
                 	LDD  R27,Y+@0+1
                 	LDD  R24,Y+@0+2
                 	LDD  R25,Y+@0+3
                 	.ENDM
                 
                 	.MACRO __PUTD1S
                 	STD  Y+@0,R30
                 	STD  Y+@0+1,R31
                 	STD  Y+@0+2,R22
                 	STD  Y+@0+3,R23
                 	.ENDM
                 
                 	.MACRO __PUTD2S
                 	STD  Y+@0,R26
                 	STD  Y+@0+1,R27
                 	STD  Y+@0+2,R24
                 	STD  Y+@0+3,R25
                 	.ENDM
                 
                 	.MACRO __PUTDZ2
                 	STD  Z+@0,R26
                 	STD  Z+@0+1,R27
                 	STD  Z+@0+2,R24
                 	STD  Z+@0+3,R25
                 	.ENDM
                 
                 	.MACRO __CLRD1S
                 	STD  Y+@0,R30
                 	STD  Y+@0+1,R30
                 	STD  Y+@0+2,R30
                 	STD  Y+@0+3,R30
                 	.ENDM
                 
                 	.MACRO __POINTB1MN
                 	LDI  R30,LOW(@0+(@1))
                 	.ENDM
                 
                 	.MACRO __POINTW1MN
                 	LDI  R30,LOW(@0+(@1))
                 	LDI  R31,HIGH(@0+(@1))
                 	.ENDM
                 
                 	.MACRO __POINTD1M
                 	LDI  R30,LOW(@0)
                 	LDI  R31,HIGH(@0)
                 	LDI  R22,BYTE3(@0)
                 	LDI  R23,BYTE4(@0)
                 	.ENDM
                 
                 	.MACRO __POINTW1FN
                 	LDI  R30,LOW(2*@0+(@1))
                 	LDI  R31,HIGH(2*@0+(@1))
                 	.ENDM
                 
                 	.MACRO __POINTD1FN
                 	LDI  R30,LOW(2*@0+(@1))
                 	LDI  R31,HIGH(2*@0+(@1))
                 	LDI  R22,BYTE3(2*@0+(@1))
                 	LDI  R23,BYTE4(2*@0+(@1))
                 	.ENDM
                 
                 	.MACRO __POINTB2MN
                 	LDI  R26,LOW(@0+(@1))
                 	.ENDM
                 
                 	.MACRO __POINTW2MN
                 	LDI  R26,LOW(@0+(@1))
                 	LDI  R27,HIGH(@0+(@1))
                 	.ENDM
                 
                 	.MACRO __POINTBRM
                 	LDI  R@0,LOW(@1)
                 	.ENDM
                 
                 	.MACRO __POINTWRM
                 	LDI  R@0,LOW(@2)
                 	LDI  R@1,HIGH(@2)
                 	.ENDM
                 
                 	.MACRO __POINTBRMN
                 	LDI  R@0,LOW(@1+(@2))
                 	.ENDM
                 
                 	.MACRO __POINTWRMN
                 	LDI  R@0,LOW(@2+(@3))
                 	LDI  R@1,HIGH(@2+(@3))
                 	.ENDM
                 
                 	.MACRO __POINTWRFN
                 	LDI  R@0,LOW(@2*2+(@3))
                 	LDI  R@1,HIGH(@2*2+(@3))
                 	.ENDM
                 
                 	.MACRO __GETD1N
                 	LDI  R30,LOW(@0)
                 	LDI  R31,HIGH(@0)
                 	LDI  R22,BYTE3(@0)
                 	LDI  R23,BYTE4(@0)
                 	.ENDM
                 
                 	.MACRO __GETD2N
                 	LDI  R26,LOW(@0)
                 	LDI  R27,HIGH(@0)
                 	LDI  R24,BYTE3(@0)
                 	LDI  R25,BYTE4(@0)
                 	.ENDM
                 
                 	.MACRO __GETB1MN
                 	LDS  R30,@0+(@1)
                 	.ENDM
                 
                 	.MACRO __GETB1HMN
                 	LDS  R31,@0+(@1)
                 	.ENDM
                 
                 	.MACRO __GETW1MN
                 	LDS  R30,@0+(@1)
                 	LDS  R31,@0+(@1)+1
                 	.ENDM
                 
                 	.MACRO __GETD1MN
                 	LDS  R30,@0+(@1)
                 	LDS  R31,@0+(@1)+1
                 	LDS  R22,@0+(@1)+2
                 	LDS  R23,@0+(@1)+3
                 	.ENDM
                 
                 	.MACRO __GETBRMN
                 	LDS  R@0,@1+(@2)
                 	.ENDM
                 
                 	.MACRO __GETWRMN
                 	LDS  R@0,@2+(@3)
                 	LDS  R@1,@2+(@3)+1
                 	.ENDM
                 
                 	.MACRO __GETWRZ
                 	LDD  R@0,Z+@2
                 	LDD  R@1,Z+@2+1
                 	.ENDM
                 
                 	.MACRO __GETD2Z
                 	LDD  R26,Z+@0
                 	LDD  R27,Z+@0+1
                 	LDD  R24,Z+@0+2
                 	LDD  R25,Z+@0+3
                 	.ENDM
                 
                 	.MACRO __GETB2MN
                 	LDS  R26,@0+(@1)
                 	.ENDM
                 
                 	.MACRO __GETW2MN
                 	LDS  R26,@0+(@1)
                 	LDS  R27,@0+(@1)+1
                 	.ENDM
                 
                 	.MACRO __GETD2MN
                 	LDS  R26,@0+(@1)
                 	LDS  R27,@0+(@1)+1
                 	LDS  R24,@0+(@1)+2
                 	LDS  R25,@0+(@1)+3
                 	.ENDM
                 
                 	.MACRO __PUTB1MN
                 	STS  @0+(@1),R30
                 	.ENDM
                 
                 	.MACRO __PUTW1MN
                 	STS  @0+(@1),R30
                 	STS  @0+(@1)+1,R31
                 	.ENDM
                 
                 	.MACRO __PUTD1MN
                 	STS  @0+(@1),R30
                 	STS  @0+(@1)+1,R31
                 	STS  @0+(@1)+2,R22
                 	STS  @0+(@1)+3,R23
                 	.ENDM
                 
                 	.MACRO __PUTB1EN
                 	LDI  R26,LOW(@0+(@1))
                 	LDI  R27,HIGH(@0+(@1))
                 	RCALL __EEPROMWRB
                 	.ENDM
                 
                 	.MACRO __PUTW1EN
                 	LDI  R26,LOW(@0+(@1))
                 	LDI  R27,HIGH(@0+(@1))
                 	RCALL __EEPROMWRW
                 	.ENDM
                 
                 	.MACRO __PUTD1EN
                 	LDI  R26,LOW(@0+(@1))
                 	LDI  R27,HIGH(@0+(@1))
                 	RCALL __EEPROMWRD
                 	.ENDM
                 
                 	.MACRO __PUTBR0MN
                 	STS  @0+(@1),R0
                 	.ENDM
                 
                 	.MACRO __PUTBMRN
                 	STS  @0+(@1),R@2
                 	.ENDM
                 
                 	.MACRO __PUTWMRN
                 	STS  @0+(@1),R@2
                 	STS  @0+(@1)+1,R@3
                 	.ENDM
                 
                 	.MACRO __PUTBZR
                 	STD  Z+@1,R@0
                 	.ENDM
                 
                 	.MACRO __PUTWZR
                 	STD  Z+@2,R@0
                 	STD  Z+@2+1,R@1
                 	.ENDM
                 
                 	.MACRO __GETW1R
                 	MOV  R30,R@0
                 	MOV  R31,R@1
                 	.ENDM
                 
                 	.MACRO __GETW2R
                 	MOV  R26,R@0
                 	MOV  R27,R@1
                 	.ENDM
                 
                 	.MACRO __GETWRN
                 	LDI  R@0,LOW(@2)
                 	LDI  R@1,HIGH(@2)
                 	.ENDM
                 
                 	.MACRO __PUTW1R
                 	MOV  R@0,R30
                 	MOV  R@1,R31
                 	.ENDM
                 
                 	.MACRO __PUTW2R
                 	MOV  R@0,R26
                 	MOV  R@1,R27
                 	.ENDM
                 
                 	.MACRO __ADDWRN
                 	SUBI R@0,LOW(-@2)
                 	SBCI R@1,HIGH(-@2)
                 	.ENDM
                 
                 	.MACRO __ADDWRR
                 	ADD  R@0,R@2
                 	ADC  R@1,R@3
                 	.ENDM
                 
                 	.MACRO __SUBWRN
                 	SUBI R@0,LOW(@2)
                 	SBCI R@1,HIGH(@2)
                 	.ENDM
                 
                 	.MACRO __SUBWRR
                 	SUB  R@0,R@2
                 	SBC  R@1,R@3
                 	.ENDM
                 
                 	.MACRO __ANDWRN
                 	ANDI R@0,LOW(@2)
                 	ANDI R@1,HIGH(@2)
                 	.ENDM
                 
                 	.MACRO __ANDWRR
                 	AND  R@0,R@2
                 	AND  R@1,R@3
                 	.ENDM
                 
                 	.MACRO __ORWRN
                 	ORI  R@0,LOW(@2)
                 	ORI  R@1,HIGH(@2)
                 	.ENDM
                 
                 	.MACRO __ORWRR
                 	OR   R@0,R@2
                 	OR   R@1,R@3
                 	.ENDM
                 
                 	.MACRO __EORWRR
                 	EOR  R@0,R@2
                 	EOR  R@1,R@3
                 	.ENDM
                 
                 	.MACRO __GETWRS
                 	LDD  R@0,Y+@2
                 	LDD  R@1,Y+@2+1
                 	.ENDM
                 
                 	.MACRO __PUTBSR
                 	STD  Y+@1,R@0
                 	.ENDM
                 
                 	.MACRO __PUTWSR
                 	STD  Y+@2,R@0
                 	STD  Y+@2+1,R@1
                 	.ENDM
                 
                 	.MACRO __MOVEWRR
                 	MOV  R@0,R@2
                 	MOV  R@1,R@3
                 	.ENDM
                 
                 	.MACRO __INWR
                 	IN   R@0,@2
                 	IN   R@1,@2+1
                 	.ENDM
                 
                 	.MACRO __OUTWR
                 	OUT  @2+1,R@1
                 	OUT  @2,R@0
                 	.ENDM
                 
                 	.MACRO __CALL1MN
                 	LDS  R30,@0+(@1)
                 	LDS  R31,@0+(@1)+1
                 	ICALL
                 	.ENDM
                 
                 	.MACRO __CALL1FN
                 	LDI  R30,LOW(2*@0+(@1))
                 	LDI  R31,HIGH(2*@0+(@1))
                 	RCALL __GETW1PF
                 	ICALL
                 	.ENDM
                 
                 	.MACRO __CALL2EN
                 	LDI  R26,LOW(@0+(@1))
                 	LDI  R27,HIGH(@0+(@1))
                 	RCALL __EEPROMRDW
                 	ICALL
                 	.ENDM
                 
                 	.MACRO __GETW1STACK
                 	IN   R26,SPL
                 	IN   R27,SPH
                 	ADIW R26,@0+1
                 	LD   R30,X+
                 	LD   R31,X
                 	.ENDM
                 
                 	.MACRO __GETD1STACK
                 	IN   R26,SPL
                 	IN   R27,SPH
                 	ADIW R26,@0+1
                 	LD   R30,X+
                 	LD   R31,X+
                 	LD   R22,X
                 	.ENDM
                 
                 	.MACRO __NBST
                 	BST  R@0,@1
                 	IN   R30,SREG
                 	LDI  R31,0x40
                 	EOR  R30,R31
                 	OUT  SREG,R30
                 	.ENDM
                 
                 
                 	.MACRO __PUTB1SN
                 	LDD  R26,Y+@0
                 	LDD  R27,Y+@0+1
                 	SUBI R26,LOW(-@1)
                 	SBCI R27,HIGH(-@1)
                 	ST   X,R30
                 	.ENDM
                 
                 	.MACRO __PUTW1SN
                 	LDD  R26,Y+@0
                 	LDD  R27,Y+@0+1
                 	SUBI R26,LOW(-@1)
                 	SBCI R27,HIGH(-@1)
                 	ST   X+,R30
                 	ST   X,R31
                 	.ENDM
                 
                 	.MACRO __PUTD1SN
                 	LDD  R26,Y+@0
                 	LDD  R27,Y+@0+1
                 	SUBI R26,LOW(-@1)
                 	SBCI R27,HIGH(-@1)
                 	RCALL __PUTDP1
                 	.ENDM
                 
                 	.MACRO __PUTB1SNS
                 	LDD  R26,Y+@0
                 	LDD  R27,Y+@0+1
                 	ADIW R26,@1
                 	ST   X,R30
                 	.ENDM
                 
                 	.MACRO __PUTW1SNS
                 	LDD  R26,Y+@0
                 	LDD  R27,Y+@0+1
                 	ADIW R26,@1
                 	ST   X+,R30
                 	ST   X,R31
                 	.ENDM
                 
                 	.MACRO __PUTD1SNS
                 	LDD  R26,Y+@0
                 	LDD  R27,Y+@0+1
                 	ADIW R26,@1
                 	RCALL __PUTDP1
                 	.ENDM
                 
                 	.MACRO __PUTB1PMN
                 	LDS  R26,@0
                 	LDS  R27,@0+1
                 	SUBI R26,LOW(-@1)
                 	SBCI R27,HIGH(-@1)
                 	ST   X,R30
                 	.ENDM
                 
                 	.MACRO __PUTW1PMN
                 	LDS  R26,@0
                 	LDS  R27,@0+1
                 	SUBI R26,LOW(-@1)
                 	SBCI R27,HIGH(-@1)
                 	ST   X+,R30
                 	ST   X,R31
                 	.ENDM
                 
                 	.MACRO __PUTD1PMN
                 	LDS  R26,@0
                 	LDS  R27,@0+1
                 	SUBI R26,LOW(-@1)
                 	SBCI R27,HIGH(-@1)
                 	RCALL __PUTDP1
                 	.ENDM
                 
                 	.MACRO __PUTB1PMNS
                 	LDS  R26,@0
                 	LDS  R27,@0+1
                 	ADIW R26,@1
                 	ST   X,R30
                 	.ENDM
                 
                 	.MACRO __PUTW1PMNS
                 	LDS  R26,@0
                 	LDS  R27,@0+1
                 	ADIW R26,@1
                 	ST   X+,R30
                 	ST   X,R31
                 	.ENDM
                 
                 	.MACRO __PUTD1PMNS
                 	LDS  R26,@0
                 	LDS  R27,@0+1
                 	ADIW R26,@1
                 	RCALL __PUTDP1
                 	.ENDM
                 
                 	.MACRO __PUTB1RN
                 	MOVW R26,R@0
                 	SUBI R26,LOW(-@1)
                 	SBCI R27,HIGH(-@1)
                 	ST   X,R30
                 	.ENDM
                 
                 	.MACRO __PUTW1RN
                 	MOVW R26,R@0
                 	SUBI R26,LOW(-@1)
                 	SBCI R27,HIGH(-@1)
                 	ST   X+,R30
                 	ST   X,R31
                 	.ENDM
                 
                 	.MACRO __PUTD1RN
                 	MOVW R26,R@0
                 	SUBI R26,LOW(-@1)
                 	SBCI R27,HIGH(-@1)
                 	RCALL __PUTDP1
                 	.ENDM
                 
                 	.MACRO __PUTB1RNS
                 	MOVW R26,R@0
                 	ADIW R26,@1
                 	ST   X,R30
                 	.ENDM
                 
                 	.MACRO __PUTW1RNS
                 	MOVW R26,R@0
                 	ADIW R26,@1
                 	ST   X+,R30
                 	ST   X,R31
                 	.ENDM
                 
                 	.MACRO __PUTD1RNS
                 	MOVW R26,R@0
                 	ADIW R26,@1
                 	RCALL __PUTDP1
                 	.ENDM
                 
                 	.MACRO __PUTB1RON
                 	MOV  R26,R@0
                 	MOV  R27,R@1
                 	SUBI R26,LOW(-@2)
                 	SBCI R27,HIGH(-@2)
                 	ST   X,R30
                 	.ENDM
                 
                 	.MACRO __PUTW1RON
                 	MOV  R26,R@0
                 	MOV  R27,R@1
                 	SUBI R26,LOW(-@2)
                 	SBCI R27,HIGH(-@2)
                 	ST   X+,R30
                 	ST   X,R31
                 	.ENDM
                 
                 	.MACRO __PUTD1RON
                 	MOV  R26,R@0
                 	MOV  R27,R@1
                 	SUBI R26,LOW(-@2)
                 	SBCI R27,HIGH(-@2)
                 	RCALL __PUTDP1
                 	.ENDM
                 
                 	.MACRO __PUTB1RONS
                 	MOV  R26,R@0
                 	MOV  R27,R@1
                 	ADIW R26,@2
                 	ST   X,R30
                 	.ENDM
                 
                 	.MACRO __PUTW1RONS
                 	MOV  R26,R@0
                 	MOV  R27,R@1
                 	ADIW R26,@2
                 	ST   X+,R30
                 	ST   X,R31
                 	.ENDM
                 
                 	.MACRO __PUTD1RONS
                 	MOV  R26,R@0
                 	MOV  R27,R@1
                 	ADIW R26,@2
                 	RCALL __PUTDP1
                 	.ENDM
                 
                 
                 	.MACRO __GETB1SX
                 	MOVW R30,R28
                 	SUBI R30,LOW(-@0)
                 	SBCI R31,HIGH(-@0)
                 	LD   R30,Z
                 	.ENDM
                 
                 	.MACRO __GETB1HSX
                 	MOVW R30,R28
                 	SUBI R30,LOW(-@0)
                 	SBCI R31,HIGH(-@0)
                 	LD   R31,Z
                 	.ENDM
                 
                 	.MACRO __GETW1SX
                 	MOVW R30,R28
                 	SUBI R30,LOW(-@0)
                 	SBCI R31,HIGH(-@0)
                 	LD   R0,Z+
                 	LD   R31,Z
                 	MOV  R30,R0
                 	.ENDM
                 
                 	.MACRO __GETD1SX
                 	MOVW R30,R28
                 	SUBI R30,LOW(-@0)
                 	SBCI R31,HIGH(-@0)
                 	LD   R0,Z+
                 	LD   R1,Z+
                 	LD   R22,Z+
                 	LD   R23,Z
                 	MOVW R30,R0
                 	.ENDM
                 
                 	.MACRO __GETB2SX
                 	MOVW R26,R28
                 	SUBI R26,LOW(-@0)
                 	SBCI R27,HIGH(-@0)
                 	LD   R26,X
                 	.ENDM
                 
                 	.MACRO __GETW2SX
                 	MOVW R26,R28
                 	SUBI R26,LOW(-@0)
                 	SBCI R27,HIGH(-@0)
                 	LD   R0,X+
                 	LD   R27,X
                 	MOV  R26,R0
                 	.ENDM
                 
                 	.MACRO __GETD2SX
                 	MOVW R26,R28
                 	SUBI R26,LOW(-@0)
                 	SBCI R27,HIGH(-@0)
                 	LD   R0,X+
                 	LD   R1,X+
                 	LD   R24,X+
                 	LD   R25,X
                 	MOVW R26,R0
                 	.ENDM
                 
                 	.MACRO __GETBRSX
                 	MOVW R30,R28
                 	SUBI R30,LOW(-@1)
                 	SBCI R31,HIGH(-@1)
                 	LD   R@0,Z
                 	.ENDM
                 
                 	.MACRO __GETWRSX
                 	MOVW R30,R28
                 	SUBI R30,LOW(-@2)
                 	SBCI R31,HIGH(-@2)
                 	LD   R@0,Z+
                 	LD   R@1,Z
                 	.ENDM
                 
                 	.MACRO __GETBRSX2
                 	MOVW R26,R28
                 	SUBI R26,LOW(-@1)
                 	SBCI R27,HIGH(-@1)
                 	LD   R@0,X
                 	.ENDM
                 
                 	.MACRO __GETWRSX2
                 	MOVW R26,R28
                 	SUBI R26,LOW(-@2)
                 	SBCI R27,HIGH(-@2)
                 	LD   R@0,X+
                 	LD   R@1,X
                 	.ENDM
                 
                 	.MACRO __LSLW8SX
                 	MOVW R30,R28
                 	SUBI R30,LOW(-@0)
                 	SBCI R31,HIGH(-@0)
                 	LD   R31,Z
                 	CLR  R30
                 	.ENDM
                 
                 	.MACRO __PUTB1SX
                 	MOVW R26,R28
                 	SUBI R26,LOW(-@0)
                 	SBCI R27,HIGH(-@0)
                 	ST   X,R30
                 	.ENDM
                 
                 	.MACRO __PUTW1SX
                 	MOVW R26,R28
                 	SUBI R26,LOW(-@0)
                 	SBCI R27,HIGH(-@0)
                 	ST   X+,R30
                 	ST   X,R31
                 	.ENDM
                 
                 	.MACRO __PUTD1SX
                 	MOVW R26,R28
                 	SUBI R26,LOW(-@0)
                 	SBCI R27,HIGH(-@0)
                 	ST   X+,R30
                 	ST   X+,R31
                 	ST   X+,R22
                 	ST   X,R23
                 	.ENDM
                 
                 	.MACRO __CLRW1SX
                 	MOVW R26,R28
                 	SUBI R26,LOW(-@0)
                 	SBCI R27,HIGH(-@0)
                 	ST   X+,R30
                 	ST   X,R30
                 	.ENDM
                 
                 	.MACRO __CLRD1SX
                 	MOVW R26,R28
                 	SUBI R26,LOW(-@0)
                 	SBCI R27,HIGH(-@0)
                 	ST   X+,R30
                 	ST   X+,R30
                 	ST   X+,R30
                 	ST   X,R30
                 	.ENDM
                 
                 	.MACRO __PUTB2SX
                 	MOVW R30,R28
                 	SUBI R30,LOW(-@0)
                 	SBCI R31,HIGH(-@0)
                 	ST   Z,R26
                 	.ENDM
                 
                 	.MACRO __PUTW2SX
                 	MOVW R30,R28
                 	SUBI R30,LOW(-@0)
                 	SBCI R31,HIGH(-@0)
                 	ST   Z+,R26
                 	ST   Z,R27
                 	.ENDM
                 
                 	.MACRO __PUTD2SX
                 	MOVW R30,R28
                 	SUBI R30,LOW(-@0)
                 	SBCI R31,HIGH(-@0)
                 	ST   Z+,R26
                 	ST   Z+,R27
                 	ST   Z+,R24
                 	ST   Z,R25
                 	.ENDM
                 
                 	.MACRO __PUTBSRX
                 	MOVW R30,R28
                 	SUBI R30,LOW(-@1)
                 	SBCI R31,HIGH(-@1)
                 	ST   Z,R@0
                 	.ENDM
                 
                 	.MACRO __PUTWSRX
                 	MOVW R30,R28
                 	SUBI R30,LOW(-@2)
                 	SBCI R31,HIGH(-@2)
                 	ST   Z+,R@0
                 	ST   Z,R@1
                 	.ENDM
                 
                 	.MACRO __PUTB1SNX
                 	MOVW R26,R28
                 	SUBI R26,LOW(-@0)
                 	SBCI R27,HIGH(-@0)
                 	LD   R0,X+
                 	LD   R27,X
                 	MOV  R26,R0
                 	SUBI R26,LOW(-@1)
                 	SBCI R27,HIGH(-@1)
                 	ST   X,R30
                 	.ENDM
                 
                 	.MACRO __PUTW1SNX
                 	MOVW R26,R28
                 	SUBI R26,LOW(-@0)
                 	SBCI R27,HIGH(-@0)
                 	LD   R0,X+
                 	LD   R27,X
                 	MOV  R26,R0
                 	SUBI R26,LOW(-@1)
                 	SBCI R27,HIGH(-@1)
                 	ST   X+,R30
                 	ST   X,R31
                 	.ENDM
                 
                 	.MACRO __PUTD1SNX
                 	MOVW R26,R28
                 	SUBI R26,LOW(-@0)
                 	SBCI R27,HIGH(-@0)
                 	LD   R0,X+
                 	LD   R27,X
                 	MOV  R26,R0
                 	SUBI R26,LOW(-@1)
                 	SBCI R27,HIGH(-@1)
                 	ST   X+,R30
                 	ST   X+,R31
                 	ST   X+,R22
                 	ST   X,R23
                 	.ENDM
                 
                 	.MACRO __MULBRR
                 	MULS R@0,R@1
                 	MOVW R30,R0
                 	.ENDM
                 
                 	.MACRO __MULBRRU
                 	MUL  R@0,R@1
                 	MOVW R30,R0
                 	.ENDM
                 
                 	.MACRO __MULBRR0
                 	MULS R@0,R@1
                 	.ENDM
                 
                 	.MACRO __MULBRRU0
                 	MUL  R@0,R@1
                 	.ENDM
                 
                 	.MACRO __MULBNWRU
                 	LDI  R26,@2
                 	MUL  R26,R@0
                 	MOVW R30,R0
                 	MUL  R26,R@1
                 	ADD  R31,R0
                 	.ENDM
                 
                 ;NAME DEFINITIONS FOR GLOBAL VARIABLES ALLOCATED TO REGISTERS
                 	.DEF _i=R5
                 
                 	.CSEG
                 	.ORG 0x00
                 
                 ;START OF CODE MARKER
                 __START_OF_CODE:
                 
                 ;INTERRUPT VECTORS
000000 c01c      	RJMP __RESET
000001 cffe      	RJMP 0x00
000002 cffd      	RJMP 0x00
000003 cffc      	RJMP 0x00
000004 cffb      	RJMP 0x00
000005 cffa      	RJMP 0x00
000006 c045      	RJMP _timer1_compa_isr
000007 cff8      	RJMP 0x00
000008 cff7      	RJMP 0x00
000009 cff6      	RJMP 0x00
00000a cff5      	RJMP 0x00
00000b cff4      	RJMP 0x00
00000c cff3      	RJMP 0x00
00000d cff2      	RJMP 0x00
00000e cff1      	RJMP 0x00
00000f cff0      	RJMP 0x00
000010 cfef      	RJMP 0x00
000011 cfee      	RJMP 0x00
000012 cfed      	RJMP 0x00
                 
                 _0x2020060:
D:\###WORK###\##+SIN\SIN\List\SIN.asm(1087): warning: .cseg .db misalignment - padding zero byte
000013 0001      	.DB  0x1
                 _0x2020000:
000014 4e2d
000015 4e41
000016 4900
000017 464e      	.DB  0x2D,0x4E,0x41,0x4E,0x0,0x49,0x4E,0x46
D:\###WORK###\##+SIN\SIN\List\SIN.asm(1090): warning: .cseg .db misalignment - padding zero byte
000018 0000      	.DB  0x0
                 
                 __GLOBAL_INI_TBL:
000019 0001      	.DW  0x01
00001a 0170      	.DW  __seed_G101
00001b 0026      	.DW  _0x2020060*2
                 
                 _0xFFFFFFFF:
00001c 0000      	.DW  0
                 
                 __RESET:
00001d 94f8      	CLI
00001e 27ee      	CLR  R30
00001f bbec      	OUT  EECR,R30
                 
                 ;INTERRUPT VECTORS ARE PLACED
                 ;AT THE START OF FLASH
000020 e0f1      	LDI  R31,1
000021 bffb      	OUT  GICR,R31
000022 bfeb      	OUT  GICR,R30
000023 bfe5      	OUT  MCUCR,R30
                 
                 ;DISABLE WATCHDOG
000024 e1f8      	LDI  R31,0x18
000025 bdf1      	OUT  WDTCR,R31
000026 bde1      	OUT  WDTCR,R30
                 
                 ;CLEAR R2-R14
000027 e08d      	LDI  R24,(14-2)+1
000028 e0a2      	LDI  R26,2
000029 27bb      	CLR  R27
                 __CLEAR_REG:
00002a 93ed      	ST   X+,R30
00002b 958a      	DEC  R24
00002c f7e9      	BRNE __CLEAR_REG
                 
                 ;CLEAR SRAM
00002d e080      	LDI  R24,LOW(__CLEAR_SRAM_SIZE)
00002e e094      	LDI  R25,HIGH(__CLEAR_SRAM_SIZE)
00002f e6a0      	LDI  R26,__SRAM_START
                 __CLEAR_SRAM:
000030 93ed      	ST   X+,R30
000031 9701      	SBIW R24,1
000032 f7e9      	BRNE __CLEAR_SRAM
                 
                 ;GLOBAL VARIABLES INITIALIZATION
000033 e3e2      	LDI  R30,LOW(__GLOBAL_INI_TBL*2)
000034 e0f0      	LDI  R31,HIGH(__GLOBAL_INI_TBL*2)
                 __GLOBAL_INI_NEXT:
000035 9185      	LPM  R24,Z+
000036 9195      	LPM  R25,Z+
000037 9700      	SBIW R24,0
000038 f061      	BREQ __GLOBAL_INI_END
000039 91a5      	LPM  R26,Z+
00003a 91b5      	LPM  R27,Z+
00003b 9005      	LPM  R0,Z+
00003c 9015      	LPM  R1,Z+
00003d 01bf      	MOVW R22,R30
00003e 01f0      	MOVW R30,R0
                 __GLOBAL_INI_LOOP:
00003f 9005      	LPM  R0,Z+
000040 920d      	ST   X+,R0
000041 9701      	SBIW R24,1
000042 f7e1      	BRNE __GLOBAL_INI_LOOP
000043 01fb      	MOVW R30,R22
000044 cff0      	RJMP __GLOBAL_INI_NEXT
                 __GLOBAL_INI_END:
                 
                 ;HARDWARE STACK POINTER INITIALIZATION
000045 e5ef      	LDI  R30,LOW(__SRAM_END-__HEAP_SIZE)
000046 bfed      	OUT  SPL,R30
000047 e0e4      	LDI  R30,HIGH(__SRAM_END-__HEAP_SIZE)
000048 bfee      	OUT  SPH,R30
                 
                 ;DATA STACK POINTER INITIALIZATION
000049 e6c0      	LDI  R28,LOW(__SRAM_START+__DSTACK_SIZE)
00004a e0d1      	LDI  R29,HIGH(__SRAM_START+__DSTACK_SIZE)
                 
00004b c045      	RJMP _main
                 
                 	.ESEG
                 	.ORG 0
                 
                 	.DSEG
                 	.ORG 0x160
                 
                 	.CSEG
                 ;#include <mega8.h>
                 	#ifndef __SLEEP_DEFINED__
                 	#define __SLEEP_DEFINED__
                 	.EQU __se_bit=0x80
                 	.EQU __sm_mask=0x70
                 	.EQU __sm_powerdown=0x20
                 	.EQU __sm_powersave=0x30
                 	.EQU __sm_standby=0x60
                 	.EQU __sm_ext_standby=0x70
                 	.EQU __sm_adc_noise_red=0x10
                 	.SET power_ctrl_reg=mcucr
                 	#endif
                 ;#include <math.h>
                 ;
                 ;#define SIN_FREQ 1000 //Частота синуса
                 ;#define MAX_INT 16 //Разрешение синуса, значение 4-256
                 ;
                 ;typedef unsigned char byte;
                 ;
                 ;//Здесь будет таблица синуса
                 ;byte sin_table[MAX_INT];
                 ;
                 ;byte i;
                 ;
                 ;//При каждом прерывании таймера будем обновлять
                 ;//регистр сравнения OCR2 второго таймера
                 ;interrupt [TIM1_COMPA] void timer1_compa_isr(void) {
                 ; 0000 0010 interrupt [7] void timer1_compa_isr(void) {
                 
                 	.CSEG
                 _timer1_compa_isr:
00004c 93ea      	ST   -Y,R30
00004d 93fa      	ST   -Y,R31
00004e b7ef      	IN   R30,SREG
00004f 93ea      	ST   -Y,R30
                 ; 0000 0011 OCR2=sin_table[i];
000050 2de5      	MOV  R30,R5
000051 e0f0      	LDI  R31,0
000052 5ae0      	SUBI R30,LOW(-_sin_table)
000053 4ffe      	SBCI R31,HIGH(-_sin_table)
000054 81e0      	LD   R30,Z
000055 bde3      	OUT  0x23,R30
                 ; 0000 0012 i++;
000056 9453      	INC  R5
                 ; 0000 0013 #if MAX_INT<256
                 ; 0000 0014 if (i>MAX_INT-1) i=0;
000057 e0ef      	LDI  R30,LOW(15)
000058 15e5      	CP   R30,R5
000059 f408      	BRSH _0x3
00005a 2455      	CLR  R5
                 ; 0000 0015 #endif
                 ; 0000 0016 }
                 _0x3:
00005b 91e9      	LD   R30,Y+
00005c bfef      	OUT  SREG,R30
00005d 91f9      	LD   R31,Y+
00005e 91e9      	LD   R30,Y+
00005f 9518      	RETI
                 ;
                 ;//Здесь происходит инициализация таблицы синуса
                 ;void sin_init() {
                 ; 0000 0019 void sin_init() {
                 _sin_init:
                 ; 0000 001A //float g=(PI/180.0)*(360.0/(float)MAX_INT);
                 ; 0000 001B float g=2*PI/(float)MAX_INT;
                 ; 0000 001C byte i=0;
                 ; 0000 001D do {
000060 9724      	SBIW R28,4
000061 edeb      	LDI  R30,LOW(219)
000062 83e8      	ST   Y,R30
000063 e0ef      	LDI  R30,LOW(15)
000064 83e9      	STD  Y+1,R30
000065 ece9      	LDI  R30,LOW(201)
000066 83ea      	STD  Y+2,R30
000067 e3ee      	LDI  R30,LOW(62)
000068 83eb      	STD  Y+3,R30
000069 931a      	ST   -Y,R17
                 ;	g -> Y+1
                 ;	i -> R17
00006a e010      	LDI  R17,0
                 _0x5:
                 ; 0000 001E sin_table[i]=(byte)((sin((float)i*g)+1.0)*127.0);
00006b 2fe1      	MOV  R30,R17
00006c e0f0      	LDI  R31,0
00006d 5ae0      	SUBI R30,LOW(-_sin_table)
00006e 4ffe      	SBCI R31,HIGH(-_sin_table)
00006f 93ff      	PUSH R31
000070 93ef      	PUSH R30
000071 2fe1      	MOV  R30,R17
000072 27ff      	CLR  R31
000073 2766      	CLR  R22
000074 2777      	CLR  R23
000075 d193      	RCALL __CDF1
                +
000076 81a9     +LDD R26 , Y + 1
000077 81ba     +LDD R27 , Y + 1 + 1
000078 818b     +LDD R24 , Y + 1 + 2
000079 819c     +LDD R25 , Y + 1 + 3
                 	__GETD2S 1
00007a d218      	RCALL __MULF12
00007b d2e2      	RCALL __PUTPARD1
00007c d082      	RCALL _sin
                +
00007d e0a0     +LDI R26 , LOW ( 0x3F800000 )
00007e e0b0     +LDI R27 , HIGH ( 0x3F800000 )
00007f e880     +LDI R24 , BYTE3 ( 0x3F800000 )
000080 e39f     +LDI R25 , BYTE4 ( 0x3F800000 )
                 	__GETD2N 0x3F800000
000081 d1c1      	RCALL __ADDF12
                +
000082 e0a0     +LDI R26 , LOW ( 0x42FE0000 )
000083 e0b0     +LDI R27 , HIGH ( 0x42FE0000 )
000084 ef8e     +LDI R24 , BYTE3 ( 0x42FE0000 )
000085 e492     +LDI R25 , BYTE4 ( 0x42FE0000 )
                 	__GETD2N 0x42FE0000
000086 d20c      	RCALL __MULF12
000087 d148      	RCALL __CFD1U
000088 91af      	POP  R26
000089 91bf      	POP  R27
00008a 93ec      	ST   X,R30
                 ; 0000 001F i++;
00008b 5f1f      	SUBI R17,-1
                 ; 0000 0020 #if MAX_INT<256
                 ; 0000 0021 } while(i!=MAX_INT);
00008c 3110      	CPI  R17,16
00008d f6e9      	BRNE _0x5
                 ; 0000 0022 #else
                 ; 0000 0023 } while (i!=0);
                 ; 0000 0024 #endif
                 ; 0000 0025 }
00008e 8118      	LDD  R17,Y+0
00008f 9625      	ADIW R28,5
000090 9508      	RET
                 ;
                 ;void main(void) {
                 ; 0000 0027 void main(void) {
                 _main:
                 ; 0000 0028 //Настраиваем порты
                 ; 0000 0029 PORTB=0;
000091 e0e0      	LDI  R30,LOW(0)
000092 bbe8      	OUT  0x18,R30
                 ; 0000 002A DDRB=8;
000093 e0e8      	LDI  R30,LOW(8)
000094 bbe7      	OUT  0x17,R30
                 ; 0000 002B PORTC=0;
000095 e0e0      	LDI  R30,LOW(0)
000096 bbe5      	OUT  0x15,R30
                 ; 0000 002C DDRC=0;
000097 bbe4      	OUT  0x14,R30
                 ; 0000 002D PORTD=0;
000098 bbe2      	OUT  0x12,R30
                 ; 0000 002E DDRD=0;
000099 bbe1      	OUT  0x11,R30
                 ; 0000 002F 
                 ; 0000 0030 //Настраиваем первый таймер на частоту 8MHz
                 ; 0000 0031 //top=OCR1A
                 ; 0000 0032 TCCR1A=0;
00009a bdef      	OUT  0x2F,R30
                 ; 0000 0033 TCCR1B=8;
00009b e0e8      	LDI  R30,LOW(8)
00009c bdee      	OUT  0x2E,R30
                 ; 0000 0034 TCNT1=0;
00009d e0e0      	LDI  R30,LOW(0)
00009e e0f0      	LDI  R31,HIGH(0)
00009f bdfd      	OUT  0x2C+1,R31
0000a0 bdec      	OUT  0x2C,R30
                 ; 0000 0035 ICR1=0;
0000a1 bdf7      	OUT  0x26+1,R31
0000a2 bde6      	OUT  0x26,R30
                 ; 0000 0036 //Устанавливаем вершину таймера
                 ; 0000 0037 //Здесь и регулируется частота синуса
                 ; 0000 0038 //Формула такова [частота таймера]/[разрешение синуса]/[частота синуса]
                 ; 0000 0039 OCR1A=16000000/MAX_INT/SIN_FREQ;
0000a3 eee8      	LDI  R30,LOW(1000)
0000a4 e0f3      	LDI  R31,HIGH(1000)
0000a5 bdfb      	OUT  0x2A+1,R31
0000a6 bdea      	OUT  0x2A,R30
                 ; 0000 003A OCR1B=0;
0000a7 e0e0      	LDI  R30,LOW(0)
0000a8 e0f0      	LDI  R31,HIGH(0)
0000a9 bdf9      	OUT  0x28+1,R31
0000aa bde8      	OUT  0x28,R30
                 ; 0000 003B 
                 ; 0000 003C //Настраиваем второй таймер на частоту 8MHz
                 ; 0000 003D //Второй таймер у нас ШИМ
                 ; 0000 003E ASSR=0;
0000ab bde2      	OUT  0x22,R30
                 ; 0000 003F TCCR2=0x68;
0000ac e6e8      	LDI  R30,LOW(104)
0000ad bde5      	OUT  0x25,R30
                 ; 0000 0040 TCNT2=0;
0000ae e0e0      	LDI  R30,LOW(0)
0000af bde4      	OUT  0x24,R30
                 ; 0000 0041 OCR2=0x80;
0000b0 e8e0      	LDI  R30,LOW(128)
0000b1 bde3      	OUT  0x23,R30
                 ; 0000 0042 
                 ; 0000 0043 //Разрешаем прерывание первого таймера
                 ; 0000 0044 //OCR1A
                 ; 0000 0045 TIMSK=0x10;
0000b2 e1e0      	LDI  R30,LOW(16)
0000b3 bfe9      	OUT  0x39,R30
                 ; 0000 0046 
                 ; 0000 0047 //Выключаем компаратор, он нам не нужен
                 ; 0000 0048 ACSR=0x80;
0000b4 e8e0      	LDI  R30,LOW(128)
0000b5 b9e8      	OUT  0x8,R30
                 ; 0000 0049 
                 ; 0000 004A //Разрешаем прерывания
                 ; 0000 004B #asm("sei")
0000b6 9478      	sei
                 ; 0000 004C 
                 ; 0000 004D //Собственно инициализируем таблицу
                 ; 0000 004E sin_init();
0000b7 dfa8      	RCALL _sin_init
                 ; 0000 004F 
                 ; 0000 0050 //Включаем таймеры
                 ; 0000 0051 TCCR2|=1;
0000b8 b5e5      	IN   R30,0x25
0000b9 60e1      	ORI  R30,1
0000ba bde5      	OUT  0x25,R30
                 ; 0000 0052 TCCR1B|=1;
0000bb b5ee      	IN   R30,0x2E
0000bc 60e1      	ORI  R30,1
0000bd bdee      	OUT  0x2E,R30
                 ; 0000 0053 while (1)
                 _0x7:
                 ; 0000 0054 {
                 ; 0000 0055 
                 ; 0000 0056 
                 ; 0000 0057 
                 ; 0000 0058 }
0000be cfff      	RJMP _0x7
                 ; 0000 0059 }
                 _0xA:
0000bf cfff      	RJMP _0xA
                 
                 	.CSEG
                 _ftrunc:
0000c0 817b         ldd  r23,y+3
0000c1 816a         ldd  r22,y+2
0000c2 81f9         ldd  r31,y+1
0000c3 81e8         ld   r30,y
0000c4 fb77         bst  r23,7
0000c5 0f77         lsl  r23
0000c6 fd67         sbrc r22,7
0000c7 6071         sbr  r23,1
0000c8 2f97         mov  r25,r23
0000c9 579e         subi r25,0x7e
0000ca f081         breq __ftrunc0
0000cb f078         brcs __ftrunc0
0000cc 3198         cpi  r25,24
0000cd f490         brsh __ftrunc1
0000ce 27aa         clr  r26
0000cf 27bb         clr  r27
0000d0 2788         clr  r24
                 __ftrunc2:
0000d1 9408         sec
0000d2 9587         ror  r24
0000d3 95b7         ror  r27
0000d4 95a7         ror  r26
0000d5 959a         dec  r25
0000d6 f7d1         brne __ftrunc2
0000d7 23ea         and  r30,r26
0000d8 23fb         and  r31,r27
0000d9 2368         and  r22,r24
0000da c005         rjmp __ftrunc1
                 __ftrunc0:
0000db 94e8         clt
0000dc 2777         clr  r23
0000dd 27ee         clr  r30
0000de 27ff         clr  r31
0000df 2766         clr  r22
                 __ftrunc1:
0000e0 776f         cbr  r22,0x80
0000e1 9576         lsr  r23
0000e2 f408         brcc __ftrunc3
0000e3 6860         sbr  r22,0x80
                 __ftrunc3:
0000e4 f977         bld  r23,7
0000e5 91a9         ld   r26,y+
0000e6 91b9         ld   r27,y+
0000e7 9189         ld   r24,y+
0000e8 9199         ld   r25,y+
0000e9 17ea         cp   r30,r26
0000ea 07fb         cpc  r31,r27
0000eb 0768         cpc  r22,r24
0000ec 0779         cpc  r23,r25
0000ed fb97         bst  r25,7
0000ee 9508         ret
                 _floor:
0000ef d264      	RCALL __GETD1S0
0000f0 d26d      	RCALL __PUTPARD1
0000f1 dfce      	RCALL _ftrunc
0000f2 d266      	RCALL __PUTD1S0
0000f3 f411          brne __floor1
                 __floor0:
0000f4 d25f      	RCALL __GETD1S0
0000f5 c007      	RJMP _0x2080001
                 __floor1:
0000f6 f7ee          brtc __floor0
0000f7 d25c      	RCALL __GETD1S0
                +
0000f8 e0a0     +LDI R26 , LOW ( 0x3F800000 )
0000f9 e0b0     +LDI R27 , HIGH ( 0x3F800000 )
0000fa e880     +LDI R24 , BYTE3 ( 0x3F800000 )
0000fb e39f     +LDI R25 , BYTE4 ( 0x3F800000 )
                 	__GETD2N 0x3F800000
0000fc d13f      	RCALL __SUBF12
                 _0x2080001:
0000fd 9624      	ADIW R28,4
0000fe 9508      	RET
                 _sin:
0000ff 9724      	SBIW R28,4
000100 931a      	ST   -Y,R17
000101 e010      	LDI  R17,0
                +
000102 81ad     +LDD R26 , Y + 5
000103 81be     +LDD R27 , Y + 5 + 1
000104 818f     +LDD R24 , Y + 5 + 2
000105 8598     +LDD R25 , Y + 5 + 3
                 	__GETD2S 5
                +
000106 e8e3     +LDI R30 , LOW ( 0x3E22F983 )
000107 eff9     +LDI R31 , HIGH ( 0x3E22F983 )
000108 e262     +LDI R22 , BYTE3 ( 0x3E22F983 )
000109 e37e     +LDI R23 , BYTE4 ( 0x3E22F983 )
                 	__GETD1N 0x3E22F983
00010a d188      	RCALL __MULF12
                +
00010b 83ed     +STD Y + 5 , R30
00010c 83fe     +STD Y + 5 + 1 , R31
00010d 836f     +STD Y + 5 + 2 , R22
00010e 8778     +STD Y + 5 + 3 , R23
                 	__PUTD1S 5
00010f d24e      	RCALL __PUTPARD1
000110 dfde      	RCALL _floor
                +
000111 81ad     +LDD R26 , Y + 5
000112 81be     +LDD R27 , Y + 5 + 1
000113 818f     +LDD R24 , Y + 5 + 2
000114 8598     +LDD R25 , Y + 5 + 3
                 	__GETD2S 5
000115 d24d      	RCALL __SWAPD12
000116 d125      	RCALL __SUBF12
                +
000117 83ed     +STD Y + 5 , R30
000118 83fe     +STD Y + 5 + 1 , R31
000119 836f     +STD Y + 5 + 2 , R22
00011a 8778     +STD Y + 5 + 3 , R23
                 	__PUTD1S 5
                +
00011b 81ad     +LDD R26 , Y + 5
00011c 81be     +LDD R27 , Y + 5 + 1
00011d 818f     +LDD R24 , Y + 5 + 2
00011e 8598     +LDD R25 , Y + 5 + 3
                 	__GETD2S 5
                +
00011f e0e0     +LDI R30 , LOW ( 0x3F000000 )
000120 e0f0     +LDI R31 , HIGH ( 0x3F000000 )
000121 e060     +LDI R22 , BYTE3 ( 0x3F000000 )
000122 e37f     +LDI R23 , BYTE4 ( 0x3F000000 )
                 	__GETD1N 0x3F000000
000123 d202      	RCALL __CMPF12
000124 f009      	BREQ PC+2
000125 f408      	BRCC PC+2
000126 c00e      	RJMP _0x2000017
                +
000127 81ed     +LDD R30 , Y + 5
000128 81fe     +LDD R31 , Y + 5 + 1
000129 816f     +LDD R22 , Y + 5 + 2
00012a 8578     +LDD R23 , Y + 5 + 3
                 	__GETD1S 5
                +
00012b e0a0     +LDI R26 , LOW ( 0x3F000000 )
00012c e0b0     +LDI R27 , HIGH ( 0x3F000000 )
00012d e080     +LDI R24 , BYTE3 ( 0x3F000000 )
00012e e39f     +LDI R25 , BYTE4 ( 0x3F000000 )
                 	__GETD2N 0x3F000000
00012f d10c      	RCALL __SUBF12
                +
000130 83ed     +STD Y + 5 , R30
000131 83fe     +STD Y + 5 + 1 , R31
000132 836f     +STD Y + 5 + 2 , R22
000133 8778     +STD Y + 5 + 3 , R23
                 	__PUTD1S 5
000134 e011      	LDI  R17,LOW(1)
                 _0x2000017:
                +
000135 81ad     +LDD R26 , Y + 5
000136 81be     +LDD R27 , Y + 5 + 1
000137 818f     +LDD R24 , Y + 5 + 2
000138 8598     +LDD R25 , Y + 5 + 3
                 	__GETD2S 5
                +
000139 e0e0     +LDI R30 , LOW ( 0x3E800000 )
00013a e0f0     +LDI R31 , HIGH ( 0x3E800000 )
00013b e860     +LDI R22 , BYTE3 ( 0x3E800000 )
00013c e37e     +LDI R23 , BYTE4 ( 0x3E800000 )
                 	__GETD1N 0x3E800000
00013d d1e8      	RCALL __CMPF12
00013e f009      	BREQ PC+2
00013f f408      	BRCC PC+2
000140 c009      	RJMP _0x2000018
                +
000141 e0e0     +LDI R30 , LOW ( 0x3F000000 )
000142 e0f0     +LDI R31 , HIGH ( 0x3F000000 )
000143 e060     +LDI R22 , BYTE3 ( 0x3F000000 )
000144 e37f     +LDI R23 , BYTE4 ( 0x3F000000 )
                 	__GETD1N 0x3F000000
000145 d0f6      	RCALL __SUBF12
                +
000146 83ed     +STD Y + 5 , R30
000147 83fe     +STD Y + 5 + 1 , R31
000148 836f     +STD Y + 5 + 2 , R22
000149 8778     +STD Y + 5 + 3 , R23
                 	__PUTD1S 5
                 _0x2000018:
00014a 3010      	CPI  R17,0
00014b f049      	BREQ _0x2000019
                +
00014c 81ed     +LDD R30 , Y + 5
00014d 81fe     +LDD R31 , Y + 5 + 1
00014e 816f     +LDD R22 , Y + 5 + 2
00014f 8578     +LDD R23 , Y + 5 + 3
                 	__GETD1S 5
000150 d04c      	RCALL __ANEGF1
                +
000151 83ed     +STD Y + 5 , R30
000152 83fe     +STD Y + 5 + 1 , R31
000153 836f     +STD Y + 5 + 2 , R22
000154 8778     +STD Y + 5 + 3 , R23
                 	__PUTD1S 5
                 _0x2000019:
                +
000155 81ed     +LDD R30 , Y + 5
000156 81fe     +LDD R31 , Y + 5 + 1
000157 816f     +LDD R22 , Y + 5 + 2
000158 8578     +LDD R23 , Y + 5 + 3
                 	__GETD1S 5
                +
000159 81ad     +LDD R26 , Y + 5
00015a 81be     +LDD R27 , Y + 5 + 1
00015b 818f     +LDD R24 , Y + 5 + 2
00015c 8598     +LDD R25 , Y + 5 + 3
                 	__GETD2S 5
00015d d135      	RCALL __MULF12
                +
00015e 83e9     +STD Y + 1 , R30
00015f 83fa     +STD Y + 1 + 1 , R31
000160 836b     +STD Y + 1 + 2 , R22
000161 837c     +STD Y + 1 + 3 , R23
                 	__PUTD1S 1
                +
000162 eba1     +LDI R26 , LOW ( 0x4226C4B1 )
000163 ecb4     +LDI R27 , HIGH ( 0x4226C4B1 )
000164 e286     +LDI R24 , BYTE3 ( 0x4226C4B1 )
000165 e492     +LDI R25 , BYTE4 ( 0x4226C4B1 )
                 	__GETD2N 0x4226C4B1
000166 d12c      	RCALL __MULF12
000167 01df      	MOVW R26,R30
000168 01cb      	MOVW R24,R22
                +
000169 e1ed     +LDI R30 , LOW ( 0x422DE51D )
00016a eef5     +LDI R31 , HIGH ( 0x422DE51D )
00016b e26d     +LDI R22 , BYTE3 ( 0x422DE51D )
00016c e472     +LDI R23 , BYTE4 ( 0x422DE51D )
                 	__GETD1N 0x422DE51D
00016d d1f5      	RCALL __SWAPD12
00016e d0cd      	RCALL __SUBF12
                +
00016f 81a9     +LDD R26 , Y + 1
000170 81ba     +LDD R27 , Y + 1 + 1
000171 818b     +LDD R24 , Y + 1 + 2
000172 819c     +LDD R25 , Y + 1 + 3
                 	__GETD2S 1
000173 d11f      	RCALL __MULF12
                +
000174 e4ac     +LDI R26 , LOW ( 0x4104534C )
000175 e5b3     +LDI R27 , HIGH ( 0x4104534C )
000176 e084     +LDI R24 , BYTE3 ( 0x4104534C )
000177 e491     +LDI R25 , BYTE4 ( 0x4104534C )
                 	__GETD2N 0x4104534C
000178 d0ca      	RCALL __ADDF12
                +
000179 81ad     +LDD R26 , Y + 5
00017a 81be     +LDD R27 , Y + 5 + 1
00017b 818f     +LDD R24 , Y + 5 + 2
00017c 8598     +LDD R25 , Y + 5 + 3
                 	__GETD2S 5
00017d d115      	RCALL __MULF12
00017e 937f      	PUSH R23
00017f 936f      	PUSH R22
000180 93ff      	PUSH R31
000181 93ef      	PUSH R30
                +
000182 81e9     +LDD R30 , Y + 1
000183 81fa     +LDD R31 , Y + 1 + 1
000184 816b     +LDD R22 , Y + 1 + 2
000185 817c     +LDD R23 , Y + 1 + 3
                 	__GETD1S 1
                +
000186 e1a1     +LDI R26 , LOW ( 0x3FDEED11 )
000187 eebd     +LDI R27 , HIGH ( 0x3FDEED11 )
000188 ed8e     +LDI R24 , BYTE3 ( 0x3FDEED11 )
000189 e39f     +LDI R25 , BYTE4 ( 0x3FDEED11 )
                 	__GETD2N 0x3FDEED11
00018a d0b8      	RCALL __ADDF12
                +
00018b 81a9     +LDD R26 , Y + 1
00018c 81ba     +LDD R27 , Y + 1 + 1
00018d 818b     +LDD R24 , Y + 1 + 2
00018e 819c     +LDD R25 , Y + 1 + 3
                 	__GETD2S 1
00018f d103      	RCALL __MULF12
                +
000190 e5ae     +LDI R26 , LOW ( 0x3FA87B5E )
000191 e7bb     +LDI R27 , HIGH ( 0x3FA87B5E )
000192 ea88     +LDI R24 , BYTE3 ( 0x3FA87B5E )
000193 e39f     +LDI R25 , BYTE4 ( 0x3FA87B5E )
                 	__GETD2N 0x3FA87B5E
000194 d0ae      	RCALL __ADDF12
000195 91af      	POP  R26
000196 91bf      	POP  R27
000197 918f      	POP  R24
000198 919f      	POP  R25
000199 d147      	RCALL __DIVF21
00019a 8118      	LDD  R17,Y+0
00019b 9629      	ADIW R28,9
00019c 9508      	RET
                 
                 	.CSEG
                 
                 	.DSEG
                 
                 	.CSEG
                 
                 	.CSEG
                 
                 	.CSEG
                 
                 	.DSEG
                 _sin_table:
000160           	.BYTE 0x10
                 __seed_G101:
000170           	.BYTE 0x4
                 
                 	.CSEG
                 
                 	.CSEG
                 __ANEGF1:
00019d 9730      	SBIW R30,0
00019e 4060      	SBCI R22,0
00019f 4070      	SBCI R23,0
0001a0 f009      	BREQ __ANEGF10
0001a1 5870      	SUBI R23,0x80
                 __ANEGF10:
0001a2 9508      	RET
                 
                 __ROUND_REPACK:
0001a3 2355      	TST  R21
0001a4 f442      	BRPL __REPACK
0001a5 3850      	CPI  R21,0x80
0001a6 f411      	BRNE __ROUND_REPACK0
0001a7 ffe0      	SBRS R30,0
0001a8 c004      	RJMP __REPACK
                 __ROUND_REPACK0:
0001a9 9631      	ADIW R30,1
0001aa 1f69      	ADC  R22,R25
0001ab 1f79      	ADC  R23,R25
0001ac f06b      	BRVS __REPACK1
                 
                 __REPACK:
0001ad e850      	LDI  R21,0x80
0001ae 2757      	EOR  R21,R23
0001af f411      	BRNE __REPACK0
0001b0 935f      	PUSH R21
0001b1 c0cf      	RJMP __ZERORES
                 __REPACK0:
0001b2 3f5f      	CPI  R21,0xFF
0001b3 f031      	BREQ __REPACK1
0001b4 0f66      	LSL  R22
0001b5 0c00      	LSL  R0
0001b6 9557      	ROR  R21
0001b7 9567      	ROR  R22
0001b8 2f75      	MOV  R23,R21
0001b9 9508      	RET
                 __REPACK1:
0001ba 935f      	PUSH R21
0001bb 2000      	TST  R0
0001bc f00a      	BRMI __REPACK2
0001bd c0cf      	RJMP __MAXRES
                 __REPACK2:
0001be c0c8      	RJMP __MINRES
                 
                 __UNPACK:
0001bf e850      	LDI  R21,0x80
0001c0 2e19      	MOV  R1,R25
0001c1 2215      	AND  R1,R21
0001c2 0f88      	LSL  R24
0001c3 1f99      	ROL  R25
0001c4 2795      	EOR  R25,R21
0001c5 0f55      	LSL  R21
0001c6 9587      	ROR  R24
                 
                 __UNPACK1:
0001c7 e850      	LDI  R21,0x80
0001c8 2e07      	MOV  R0,R23
0001c9 2205      	AND  R0,R21
0001ca 0f66      	LSL  R22
0001cb 1f77      	ROL  R23
0001cc 2775      	EOR  R23,R21
0001cd 0f55      	LSL  R21
0001ce 9567      	ROR  R22
0001cf 9508      	RET
                 
                 __CFD1U:
0001d0 9468      	SET
0001d1 c001      	RJMP __CFD1U0
                 __CFD1:
0001d2 94e8      	CLT
                 __CFD1U0:
0001d3 935f      	PUSH R21
0001d4 dff2      	RCALL __UNPACK1
0001d5 3870      	CPI  R23,0x80
0001d6 f018      	BRLO __CFD10
0001d7 3f7f      	CPI  R23,0xFF
0001d8 f408      	BRCC __CFD10
0001d9 c0a7      	RJMP __ZERORES
                 __CFD10:
0001da e156      	LDI  R21,22
0001db 1b57      	SUB  R21,R23
0001dc f4aa      	BRPL __CFD11
0001dd 9551      	NEG  R21
0001de 3058      	CPI  R21,8
0001df f40e      	BRTC __CFD19
0001e0 3059      	CPI  R21,9
                 __CFD19:
0001e1 f030      	BRLO __CFD17
0001e2 efef      	SER  R30
0001e3 efff      	SER  R31
0001e4 ef6f      	SER  R22
0001e5 e77f      	LDI  R23,0x7F
0001e6 f977      	BLD  R23,7
0001e7 c01a      	RJMP __CFD15
                 __CFD17:
0001e8 2777      	CLR  R23
0001e9 2355      	TST  R21
0001ea f0b9      	BREQ __CFD15
                 __CFD18:
0001eb 0fee      	LSL  R30
0001ec 1fff      	ROL  R31
0001ed 1f66      	ROL  R22
0001ee 1f77      	ROL  R23
0001ef 955a      	DEC  R21
0001f0 f7d1      	BRNE __CFD18
0001f1 c010      	RJMP __CFD15
                 __CFD11:
0001f2 2777      	CLR  R23
                 __CFD12:
0001f3 3058      	CPI  R21,8
0001f4 f028      	BRLO __CFD13
0001f5 2fef      	MOV  R30,R31
0001f6 2ff6      	MOV  R31,R22
0001f7 2f67      	MOV  R22,R23
0001f8 5058      	SUBI R21,8
0001f9 cff9      	RJMP __CFD12
                 __CFD13:
0001fa 2355      	TST  R21
0001fb f031      	BREQ __CFD15
                 __CFD14:
0001fc 9576      	LSR  R23
0001fd 9567      	ROR  R22
0001fe 95f7      	ROR  R31
0001ff 95e7      	ROR  R30
000200 955a      	DEC  R21
000201 f7d1      	BRNE __CFD14
                 __CFD15:
000202 2000      	TST  R0
000203 f40a      	BRPL __CFD16
000204 d141      	RCALL __ANEGD1
                 __CFD16:
000205 915f      	POP  R21
000206 9508      	RET
                 
                 __CDF1U:
000207 9468      	SET
000208 c001      	RJMP __CDF1U0
                 __CDF1:
000209 94e8      	CLT
                 __CDF1U0:
00020a 9730      	SBIW R30,0
00020b 4060      	SBCI R22,0
00020c 4070      	SBCI R23,0
00020d f0b1      	BREQ __CDF10
00020e 2400      	CLR  R0
00020f f026      	BRTS __CDF11
000210 2377      	TST  R23
000211 f412      	BRPL __CDF11
000212 9400      	COM  R0
000213 d132      	RCALL __ANEGD1
                 __CDF11:
000214 2e17      	MOV  R1,R23
000215 e17e      	LDI  R23,30
000216 2011      	TST  R1
                 __CDF12:
000217 f032      	BRMI __CDF13
000218 957a      	DEC  R23
000219 0fee      	LSL  R30
00021a 1fff      	ROL  R31
00021b 1f66      	ROL  R22
00021c 1c11      	ROL  R1
00021d cff9      	RJMP __CDF12
                 __CDF13:
00021e 2fef      	MOV  R30,R31
00021f 2ff6      	MOV  R31,R22
000220 2d61      	MOV  R22,R1
000221 935f      	PUSH R21
000222 df8a      	RCALL __REPACK
000223 915f      	POP  R21
                 __CDF10:
000224 9508      	RET
                 
                 __SWAPACC:
000225 934f      	PUSH R20
000226 01af      	MOVW R20,R30
000227 01fd      	MOVW R30,R26
000228 01da      	MOVW R26,R20
000229 01ab      	MOVW R20,R22
00022a 01bc      	MOVW R22,R24
00022b 01ca      	MOVW R24,R20
00022c 2d40      	MOV  R20,R0
00022d 2c01      	MOV  R0,R1
00022e 2e14      	MOV  R1,R20
00022f 914f      	POP  R20
000230 9508      	RET
                 
                 __UADD12:
000231 0fea      	ADD  R30,R26
000232 1ffb      	ADC  R31,R27
000233 1f68      	ADC  R22,R24
000234 9508      	RET
                 
                 __NEGMAN1:
000235 95e0      	COM  R30
000236 95f0      	COM  R31
000237 9560      	COM  R22
000238 5fef      	SUBI R30,-1
000239 4fff      	SBCI R31,-1
00023a 4f6f      	SBCI R22,-1
00023b 9508      	RET
                 
                 __SUBF12:
00023c 935f      	PUSH R21
00023d df81      	RCALL __UNPACK
00023e 3890      	CPI  R25,0x80
00023f f171      	BREQ __ADDF129
000240 e850      	LDI  R21,0x80
000241 2615      	EOR  R1,R21
                 
000242 c004      	RJMP __ADDF120
                 
                 __ADDF12:
000243 935f      	PUSH R21
000244 df7a      	RCALL __UNPACK
000245 3890      	CPI  R25,0x80
000246 f139      	BREQ __ADDF129
                 
                 __ADDF120:
000247 3870      	CPI  R23,0x80
000248 f121      	BREQ __ADDF128
                 __ADDF121:
000249 2f57      	MOV  R21,R23
00024a 1b59      	SUB  R21,R25
00024b f12b      	BRVS __ADDF1211
00024c f412      	BRPL __ADDF122
00024d dfd7      	RCALL __SWAPACC
00024e cffa      	RJMP __ADDF121
                 __ADDF122:
00024f 3158      	CPI  R21,24
000250 f018      	BRLO __ADDF123
000251 27aa      	CLR  R26
000252 27bb      	CLR  R27
000253 2788      	CLR  R24
                 __ADDF123:
000254 3058      	CPI  R21,8
000255 f028      	BRLO __ADDF124
000256 2fab      	MOV  R26,R27
000257 2fb8      	MOV  R27,R24
000258 2788      	CLR  R24
000259 5058      	SUBI R21,8
00025a cff9      	RJMP __ADDF123
                 __ADDF124:
00025b 2355      	TST  R21
00025c f029      	BREQ __ADDF126
                 __ADDF125:
00025d 9586      	LSR  R24
00025e 95b7      	ROR  R27
00025f 95a7      	ROR  R26
000260 955a      	DEC  R21
000261 f7d9      	BRNE __ADDF125
                 __ADDF126:
000262 2d50      	MOV  R21,R0
000263 2551      	EOR  R21,R1
000264 f072      	BRMI __ADDF127
000265 dfcb      	RCALL __UADD12
000266 f438      	BRCC __ADDF129
000267 9567      	ROR  R22
000268 95f7      	ROR  R31
000269 95e7      	ROR  R30
00026a 9573      	INC  R23
00026b f413      	BRVC __ADDF129
00026c c020      	RJMP __MAXRES
                 __ADDF128:
00026d dfb7      	RCALL __SWAPACC
                 __ADDF129:
00026e df3e      	RCALL __REPACK
00026f 915f      	POP  R21
000270 9508      	RET
                 __ADDF1211:
000271 f7d8      	BRCC __ADDF128
000272 cffb      	RJMP __ADDF129
                 __ADDF127:
000273 1bea      	SUB  R30,R26
000274 0bfb      	SBC  R31,R27
000275 0b68      	SBC  R22,R24
000276 f051      	BREQ __ZERORES
000277 f410      	BRCC __ADDF1210
000278 9400      	COM  R0
000279 dfbb      	RCALL __NEGMAN1
                 __ADDF1210:
00027a 2366      	TST  R22
00027b f392      	BRMI __ADDF129
00027c 0fee      	LSL  R30
00027d 1fff      	ROL  R31
00027e 1f66      	ROL  R22
00027f 957a      	DEC  R23
000280 f7cb      	BRVC __ADDF1210
                 
                 __ZERORES:
000281 27ee      	CLR  R30
000282 27ff      	CLR  R31
000283 2766      	CLR  R22
000284 2777      	CLR  R23
000285 915f      	POP  R21
000286 9508      	RET
                 
                 __MINRES:
000287 efef      	SER  R30
000288 efff      	SER  R31
000289 e76f      	LDI  R22,0x7F
00028a ef7f      	SER  R23
00028b 915f      	POP  R21
00028c 9508      	RET
                 
                 __MAXRES:
00028d efef      	SER  R30
00028e efff      	SER  R31
00028f e76f      	LDI  R22,0x7F
000290 e77f      	LDI  R23,0x7F
000291 915f      	POP  R21
000292 9508      	RET
                 
                 __MULF12:
000293 935f      	PUSH R21
000294 df2a      	RCALL __UNPACK
000295 3870      	CPI  R23,0x80
000296 f351      	BREQ __ZERORES
000297 3890      	CPI  R25,0x80
000298 f341      	BREQ __ZERORES
000299 2401      	EOR  R0,R1
00029a 9408      	SEC
00029b 1f79      	ADC  R23,R25
00029c f423      	BRVC __MULF124
00029d f31c      	BRLT __ZERORES
                 __MULF125:
00029e 2000      	TST  R0
00029f f33a      	BRMI __MINRES
0002a0 cfec      	RJMP __MAXRES
                 __MULF124:
0002a1 920f      	PUSH R0
0002a2 931f      	PUSH R17
0002a3 932f      	PUSH R18
0002a4 933f      	PUSH R19
0002a5 934f      	PUSH R20
0002a6 2711      	CLR  R17
0002a7 2722      	CLR  R18
0002a8 2799      	CLR  R25
0002a9 9f68      	MUL  R22,R24
0002aa 01a0      	MOVW R20,R0
0002ab 9f8f      	MUL  R24,R31
0002ac 2d30      	MOV  R19,R0
0002ad 0d41      	ADD  R20,R1
0002ae 1f59      	ADC  R21,R25
0002af 9f6b      	MUL  R22,R27
0002b0 0d30      	ADD  R19,R0
0002b1 1d41      	ADC  R20,R1
0002b2 1f59      	ADC  R21,R25
0002b3 9f8e      	MUL  R24,R30
0002b4 d027      	RCALL __MULF126
0002b5 9fbf      	MUL  R27,R31
0002b6 d025      	RCALL __MULF126
0002b7 9f6a      	MUL  R22,R26
0002b8 d023      	RCALL __MULF126
0002b9 9fbe      	MUL  R27,R30
0002ba d01d      	RCALL __MULF127
0002bb 9faf      	MUL  R26,R31
0002bc d01b      	RCALL __MULF127
0002bd 9fae      	MUL  R26,R30
0002be 0d11      	ADD  R17,R1
0002bf 1f29      	ADC  R18,R25
0002c0 1f39      	ADC  R19,R25
0002c1 1f49      	ADC  R20,R25
0002c2 1f59      	ADC  R21,R25
0002c3 2fe3      	MOV  R30,R19
0002c4 2ff4      	MOV  R31,R20
0002c5 2f65      	MOV  R22,R21
0002c6 2f52      	MOV  R21,R18
0002c7 914f      	POP  R20
0002c8 913f      	POP  R19
0002c9 912f      	POP  R18
0002ca 911f      	POP  R17
0002cb 900f      	POP  R0
0002cc 2366      	TST  R22
0002cd f02a      	BRMI __MULF122
0002ce 0f55      	LSL  R21
0002cf 1fee      	ROL  R30
0002d0 1fff      	ROL  R31
0002d1 1f66      	ROL  R22
0002d2 c002      	RJMP __MULF123
                 __MULF122:
0002d3 9573      	INC  R23
0002d4 f24b      	BRVS __MULF125
                 __MULF123:
0002d5 decd      	RCALL __ROUND_REPACK
0002d6 915f      	POP  R21
0002d7 9508      	RET
                 
                 __MULF127:
0002d8 0d10      	ADD  R17,R0
0002d9 1d21      	ADC  R18,R1
0002da 1f39      	ADC  R19,R25
0002db c002      	RJMP __MULF128
                 __MULF126:
0002dc 0d20      	ADD  R18,R0
0002dd 1d31      	ADC  R19,R1
                 __MULF128:
0002de 1f49      	ADC  R20,R25
0002df 1f59      	ADC  R21,R25
0002e0 9508      	RET
                 
                 __DIVF21:
0002e1 935f      	PUSH R21
0002e2 dedc      	RCALL __UNPACK
0002e3 3870      	CPI  R23,0x80
0002e4 f421      	BRNE __DIVF210
0002e5 2011      	TST  R1
                 __DIVF211:
0002e6 f40a      	BRPL __DIVF219
0002e7 cf9f      	RJMP __MINRES
                 __DIVF219:
0002e8 cfa4      	RJMP __MAXRES
                 __DIVF210:
0002e9 3890      	CPI  R25,0x80
0002ea f409      	BRNE __DIVF218
                 __DIVF217:
0002eb cf95      	RJMP __ZERORES
                 __DIVF218:
0002ec 2401      	EOR  R0,R1
0002ed 9408      	SEC
0002ee 0b97      	SBC  R25,R23
0002ef f41b      	BRVC __DIVF216
0002f0 f3d4      	BRLT __DIVF217
0002f1 2000      	TST  R0
0002f2 cff3      	RJMP __DIVF211
                 __DIVF216:
0002f3 2f79      	MOV  R23,R25
0002f4 931f      	PUSH R17
0002f5 932f      	PUSH R18
0002f6 933f      	PUSH R19
0002f7 934f      	PUSH R20
0002f8 2411      	CLR  R1
0002f9 2711      	CLR  R17
0002fa 2722      	CLR  R18
0002fb 2733      	CLR  R19
0002fc 2744      	CLR  R20
0002fd 2755      	CLR  R21
0002fe e290      	LDI  R25,32
                 __DIVF212:
0002ff 17ae      	CP   R26,R30
000300 07bf      	CPC  R27,R31
000301 0786      	CPC  R24,R22
000302 0741      	CPC  R20,R17
000303 f030      	BRLO __DIVF213
000304 1bae      	SUB  R26,R30
000305 0bbf      	SBC  R27,R31
000306 0b86      	SBC  R24,R22
000307 0b41      	SBC  R20,R17
000308 9408      	SEC
000309 c001      	RJMP __DIVF214
                 __DIVF213:
00030a 9488      	CLC
                 __DIVF214:
00030b 1f55      	ROL  R21
00030c 1f22      	ROL  R18
00030d 1f33      	ROL  R19
00030e 1c11      	ROL  R1
00030f 1faa      	ROL  R26
000310 1fbb      	ROL  R27
000311 1f88      	ROL  R24
000312 1f44      	ROL  R20
000313 959a      	DEC  R25
000314 f751      	BRNE __DIVF212
000315 01f9      	MOVW R30,R18
000316 2d61      	MOV  R22,R1
000317 914f      	POP  R20
000318 913f      	POP  R19
000319 912f      	POP  R18
00031a 911f      	POP  R17
00031b 2366      	TST  R22
00031c f032      	BRMI __DIVF215
00031d 0f55      	LSL  R21
00031e 1fee      	ROL  R30
00031f 1fff      	ROL  R31
000320 1f66      	ROL  R22
000321 957a      	DEC  R23
000322 f243      	BRVS __DIVF217
                 __DIVF215:
000323 de7f      	RCALL __ROUND_REPACK
000324 915f      	POP  R21
000325 9508      	RET
                 
                 __CMPF12:
000326 2399      	TST  R25
000327 f09a      	BRMI __CMPF120
000328 2377      	TST  R23
000329 f042      	BRMI __CMPF121
00032a 1797      	CP   R25,R23
00032b f048      	BRLO __CMPF122
00032c f429      	BRNE __CMPF121
00032d 17ae      	CP   R26,R30
00032e 07bf      	CPC  R27,R31
00032f 0786      	CPC  R24,R22
000330 f020      	BRLO __CMPF122
000331 f031      	BREQ __CMPF123
                 __CMPF121:
000332 9498      	CLZ
000333 9488      	CLC
000334 9508      	RET
                 __CMPF122:
000335 9498      	CLZ
000336 9408      	SEC
000337 9508      	RET
                 __CMPF123:
000338 9418      	SEZ
000339 9488      	CLC
00033a 9508      	RET
                 __CMPF120:
00033b 2377      	TST  R23
00033c f7c2      	BRPL __CMPF122
00033d 1797      	CP   R25,R23
00033e f398      	BRLO __CMPF121
00033f f7a9      	BRNE __CMPF122
000340 17ea      	CP   R30,R26
000341 07fb      	CPC  R31,R27
000342 0768      	CPC  R22,R24
000343 f388      	BRLO __CMPF122
000344 f399      	BREQ __CMPF123
000345 cfec      	RJMP __CMPF121
                 
                 __ANEGD1:
000346 95f0      	COM  R31
000347 9560      	COM  R22
000348 9570      	COM  R23
000349 95e1      	NEG  R30
00034a 4fff      	SBCI R31,-1
00034b 4f6f      	SBCI R22,-1
00034c 4f7f      	SBCI R23,-1
00034d 9508      	RET
                 
                 __CBD1:
00034e 2ffe      	MOV  R31,R30
00034f 0fff      	ADD  R31,R31
000350 0bff      	SBC  R31,R31
000351 2f6f      	MOV  R22,R31
000352 2f7f      	MOV  R23,R31
000353 9508      	RET
                 
                 __GETD1S0:
000354 81e8      	LD   R30,Y
000355 81f9      	LDD  R31,Y+1
000356 816a      	LDD  R22,Y+2
000357 817b      	LDD  R23,Y+3
000358 9508      	RET
                 
                 __PUTD1S0:
000359 83e8      	ST   Y,R30
00035a 83f9      	STD  Y+1,R31
00035b 836a      	STD  Y+2,R22
00035c 837b      	STD  Y+3,R23
00035d 9508      	RET
                 
                 __PUTPARD1:
00035e 937a      	ST   -Y,R23
00035f 936a      	ST   -Y,R22
000360 93fa      	ST   -Y,R31
000361 93ea      	ST   -Y,R30
000362 9508      	RET
                 
                 __SWAPD12:
000363 2e18      	MOV  R1,R24
000364 2f86      	MOV  R24,R22
000365 2d61      	MOV  R22,R1
000366 2e19      	MOV  R1,R25
000367 2f97      	MOV  R25,R23
000368 2d71      	MOV  R23,R1
                 
                 __SWAPW12:
000369 2e1b      	MOV  R1,R27
00036a 2fbf      	MOV  R27,R31
00036b 2df1      	MOV  R31,R1
                 
                 __SWAPB12:
00036c 2e1a      	MOV  R1,R26
00036d 2fae      	MOV  R26,R30
00036e 2de1      	MOV  R30,R1
00036f 9508      	RET
                 
                 ;END OF CODE MARKER
                 __END_OF_CODE:


RESOURCE USE INFORMATION
------------------------

Notice:
The register and instruction counts are symbol table hit counts,
and hence implicitly used resources are not counted, eg, the
'lpm' instruction without operands implicitly uses r0 and z,
none of which are counted.

x,y,z are separate entities in the symbol table and are
counted separately from r26..r31 here.

.dseg memory usage only counts static data declared with .byte

ATmega8 register use summary:
r0 :  26 r1 :  30 r2 :   0 r3 :   0 r4 :   0 r5 :   4 r6 :   0 r7 :   0 
r8 :   0 r9 :   0 r10:   0 r11:   0 r12:   0 r13:   0 r14:   0 r15:   0 
r16:   0 r17:  22 r18:  12 r19:  12 r20:  22 r21:  63 r22:  75 r23:  75 
r24:  51 r25:  57 r26:  45 r27:  42 r28:   6 r29:   1 r30: 136 r31:  81 
x  :   4 y  : 110 z  :   8 
Registers used: 21 out of 35 (60.0%)

ATmega8 instruction use summary:
.lds  :   0 .lds.l:   0 .sts  :   0 .sts.l:   0 adc   :  17 add   :   7 
adiw  :   4 and   :   5 andi  :   0 asr   :   0 bclr  :   0 bld   :   2 
brbc  :   0 brbs  :   0 brcc  :   7 brcs  :   1 break :   0 breq  :  19 
brge  :   0 brhc  :   0 brhs  :   0 brid  :   0 brie  :   0 brlo  :  10 
brlt  :   2 brmi  :   9 brne  :  16 brpl  :   7 brsh  :   2 brtc  :   2 
brts  :   1 brvc  :   4 brvs  :   4 bset  :   0 bst   :   2 cbi   :   0 
cbr   :   1 clc   :   3 clh   :   0 cli   :   1 cln   :   0 clr   :  33 
cls   :   0 clt   :   3 clv   :   0 clz   :   2 com   :   8 cp    :   7 
cpc   :  10 cpi   :  19 cpse  :   0 dec   :   9 des   :   0 eor   :   7 
fmul  :   0 fmuls :   0 fmulsu:   0 icall :   0 ijmp  :   0 in    :   3 
inc   :   3 ld    :  10 ldd   :  60 ldi   : 101 lds   :   0 lpm   :   7 
lsl   :  12 lsr   :   3 mov   :  43 movw  :  13 mul   :   9 muls  :   0 
mulsu :   0 neg   :   2 nop   :   0 or    :   0 ori   :   2 out   :  34 
pop   :  24 push  :  24 rcall :  56 ret   :  28 reti  :   1 rjmp  :  52 
rol   :  24 ror   :  15 sbc   :   7 sbci  :  11 sbi   :   0 sbic  :   0 
sbis  :   0 sbiw  :   7 sbr   :   2 sbrc  :   1 sbrs  :   1 sec   :   5 
seh   :   0 sei   :   1 sen   :   0 ser   :   8 ses   :   0 set   :   2 
sev   :   0 sez   :   1 sleep :   0 spm   :   0 st    :  15 std   :  30 
sts   :   0 sub   :   4 subi  :   8 swap  :   0 tst   :  17 wdr   :   0 

Instructions used: 69 out of 114 (60.5%)

ATmega8 memory use summary [bytes]:
Segment   Begin    End      Code   Data   Used    Size   Use%
---------------------------------------------------------------
[.cseg] 0x000000 0x0006e0   1740     20   1760    8192  21.5%
[.dseg] 0x000060 0x000174      0     20     20    1119   1.8%
[.eseg] 0x000000 0x000000      0      0      0     512   0.0%

Assembly complete, 0 errors, 3 warnings
